Component: ARM Compiler 5.06 update 1 (build 61) Tool: armlink [4d35a8]

==============================================================================

Section Cross References

    system_stm32f4xx.o(.text) refers to system_stm32f4xx.o(.data) for SystemCoreClock
    startup_stm32f4xx.o(STACK) refers (Special) to heapauxi.o(.text) for __use_two_region_memory
    startup_stm32f4xx.o(HEAP) refers (Special) to heapauxi.o(.text) for __use_two_region_memory
    startup_stm32f4xx.o(RESET) refers (Special) to heapauxi.o(.text) for __use_two_region_memory
    startup_stm32f4xx.o(RESET) refers to startup_stm32f4xx.o(STACK) for __initial_sp
    startup_stm32f4xx.o(RESET) refers to startup_stm32f4xx.o(.text) for Reset_Handler
    startup_stm32f4xx.o(RESET) refers to stm32f4xx_it.o(.text) for NMI_Handler
    startup_stm32f4xx.o(.text) refers (Special) to heapauxi.o(.text) for __use_two_region_memory
    startup_stm32f4xx.o(.text) refers to system_stm32f4xx.o(.text) for SystemInit
    startup_stm32f4xx.o(.text) refers to __main.o(!!!main) for __main
    startup_stm32f4xx.o(.text) refers to startup_stm32f4xx.o(HEAP) for Heap_Mem
    startup_stm32f4xx.o(.text) refers to startup_stm32f4xx.o(STACK) for Stack_Mem
    main.o(.text) refers to led.o(.text) for LED_GPIO_Config
    main.o(.text) refers to i2c.o(.text) for I2Cx_Init
    main.o(.text) refers to imu.o(.text) for IMU_Init
    main.o(.text) refers to stm32f4xx_gpio.o(.text) for GPIO_SetBits
    main.o(.text) refers to main.o(.bss) for angles
    stm32f4xx_adc.o(.text) refers to stm32f4xx_rcc.o(.text) for RCC_APB2PeriphResetCmd
    stm32f4xx_can.o(.text) refers to stm32f4xx_rcc.o(.text) for RCC_APB1PeriphResetCmd
    stm32f4xx_cryp.o(.text) refers to stm32f4xx_rcc.o(.text) for RCC_AHB2PeriphResetCmd
    stm32f4xx_cryp_aes.o(.text) refers to stm32f4xx_cryp.o(.text) for CRYP_KeyStructInit
    stm32f4xx_cryp_des.o(.text) refers to stm32f4xx_cryp.o(.text) for CRYP_KeyStructInit
    stm32f4xx_cryp_tdes.o(.text) refers to stm32f4xx_cryp.o(.text) for CRYP_KeyStructInit
    stm32f4xx_dac.o(.text) refers to stm32f4xx_rcc.o(.text) for RCC_APB1PeriphResetCmd
    stm32f4xx_gpio.o(.text) refers to stm32f4xx_rcc.o(.text) for RCC_AHB1PeriphResetCmd
    stm32f4xx_hash.o(.text) refers to stm32f4xx_rcc.o(.text) for RCC_AHB2PeriphResetCmd
    stm32f4xx_hash_md5.o(.text) refers to stm32f4xx_hash.o(.text) for HASH_DeInit
    stm32f4xx_hash_sha1.o(.text) refers to stm32f4xx_hash.o(.text) for HASH_DeInit
    stm32f4xx_i2c.o(.text) refers to stm32f4xx_rcc.o(.text) for RCC_APB1PeriphResetCmd
    stm32f4xx_pwr.o(.text) refers to stm32f4xx_rcc.o(.text) for RCC_APB1PeriphResetCmd
    stm32f4xx_rcc.o(.text) refers to stm32f4xx_rcc.o(.data) for APBAHBPrescTable
    stm32f4xx_rng.o(.text) refers to stm32f4xx_rcc.o(.text) for RCC_AHB2PeriphResetCmd
    stm32f4xx_sdio.o(.text) refers to stm32f4xx_rcc.o(.text) for RCC_APB2PeriphResetCmd
    stm32f4xx_spi.o(.text) refers to stm32f4xx_rcc.o(.text) for RCC_APB2PeriphResetCmd
    stm32f4xx_syscfg.o(.text) refers to stm32f4xx_rcc.o(.text) for RCC_APB2PeriphResetCmd
    stm32f4xx_tim.o(.text) refers to stm32f4xx_rcc.o(.text) for RCC_APB2PeriphResetCmd
    stm32f4xx_usart.o(.text) refers to stm32f4xx_rcc.o(.text) for RCC_APB2PeriphResetCmd
    stm32f4xx_wwdg.o(.text) refers to stm32f4xx_rcc.o(.text) for RCC_APB1PeriphResetCmd
    led.o(.text) refers to stm32f4xx_rcc.o(.text) for RCC_AHB1PeriphClockCmd
    led.o(.text) refers to stm32f4xx_gpio.o(.text) for GPIO_Init
    i2c.o(.text) refers to stm32f4xx_rcc.o(.text) for RCC_AHB1PeriphClockCmd
    i2c.o(.text) refers to stm32f4xx_gpio.o(.text) for GPIO_Init
    imu.o(.text) refers to mpu9250.o(.text) for MPU9250_Init
    imu.o(.text) refers to bmp180.o(.text) for BMP180_Init
    imu.o(.text) refers to f2d.o(x$fpl$f2d) for __aeabi_f2d
    imu.o(.text) refers to sqrt.o(i.__hardfp_sqrt) for __hardfp_sqrt
    imu.o(.text) refers to d2f.o(x$fpl$d2f) for __aeabi_d2f
    imu.o(.text) refers to daddsub_clz.o(x$fpl$drsb) for __aeabi_drsub
    imu.o(.text) refers to daddsub_clz.o(x$fpl$dsub) for __aeabi_dsub
    imu.o(.text) refers to dmul.o(x$fpl$dmul) for __aeabi_dmul
    imu.o(.text) refers to daddsub_clz.o(x$fpl$dadd) for __aeabi_dadd
    imu.o(.text) refers to imu.o(.data) for q0
    imu.o(.text) refers to dflt_clz.o(x$fpl$dflt) for __aeabi_i2d
    imu.o(.text) refers to ddiv.o(x$fpl$ddiv) for __aeabi_ddiv
    imu.o(.text) refers to asin.o(i.__hardfp_asin) for __hardfp_asin
    imu.o(.text) refers to atan2.o(i.__hardfp_atan2) for __hardfp_atan2
    imu.o(.text) refers to mpu9250.o(.data) for gyro
    bmp180.o(.text) refers to i2c.o(.text) for I2C_WriteOneByte
    bmp180.o(.text) refers to f2d.o(x$fpl$f2d) for __aeabi_f2d
    bmp180.o(.text) refers to pow.o(i.__hardfp_pow) for __hardfp_pow
    bmp180.o(.text) refers to d2f.o(x$fpl$d2f) for __aeabi_d2f
    bmp180.o(.text) refers to daddsub_clz.o(x$fpl$drsb) for __aeabi_drsub
[...]
    ../clib/angel/sys.s                      0x00000000   Number         0  libspace.o ABSOLUTE
    ../clib/angel/sys.s                      0x00000000   Number         0  use_no_semi.o ABSOLUTE
    ../clib/angel/sys.s                      0x00000000   Number         0  indicate_semi.o ABSOLUTE
    ../clib/angel/sysapp.c                   0x00000000   Number         0  sys_command.o ABSOLUTE
    ../clib/angel/sysapp.c                   0x00000000   Number         0  sys_exit.o ABSOLUTE
    ../clib/angel/sysapp.c                   0x00000000   Number         0  sys_wrch.o ABSOLUTE
    ../clib/armsys.c                         0x00000000   Number         0  argv_veneer.o ABSOLUTE
    ../clib/armsys.c                         0x00000000   Number         0  argv_veneer.o ABSOLUTE
    ../clib/armsys.c                         0x00000000   Number         0  _get_argv_nomalloc.o ABSOLUTE
    ../clib/armsys.c                         0x00000000   Number         0  no_argv.o ABSOLUTE
    ../clib/fenv.c                           0x00000000   Number         0  _rserrno.o ABSOLUTE
    ../clib/heapalloc.c                      0x00000000   Number         0  hrguard.o ABSOLUTE
    ../clib/heapaux.c                        0x00000000   Number         0  heapauxi.o ABSOLUTE
    ../clib/libinit.s                        0x00000000   Number         0  libshutdown2.o ABSOLUTE
    ../clib/libinit.s                        0x00000000   Number         0  libinit.o ABSOLUTE
    ../clib/libinit.s                        0x00000000   Number         0  libshutdown.o ABSOLUTE
    ../clib/libinit.s                        0x00000000   Number         0  libinit2.o ABSOLUTE
    ../clib/signal.c                         0x00000000   Number         0  defsig_segv_inner.o ABSOLUTE
    ../clib/signal.c                         0x00000000   Number         0  defsig_general.o ABSOLUTE
    ../clib/signal.c                         0x00000000   Number         0  defsig_other.o ABSOLUTE
    ../clib/signal.c                         0x00000000   Number         0  defsig_stak_inner.o ABSOLUTE
    ../clib/signal.c                         0x00000000   Number         0  defsig_fpe_inner.o ABSOLUTE
    ../clib/signal.c                         0x00000000   Number         0  defsig_rtmem_formal.o ABSOLUTE
    ../clib/signal.c                         0x00000000   Number         0  defsig_rtred_inner.o ABSOLUTE
    ../clib/signal.c                         0x00000000   Number         0  defsig_rtmem_outer.o ABSOLUTE
    ../clib/signal.c                         0x00000000   Number         0  defsig_abrt_inner.o ABSOLUTE
    ../clib/signal.c                         0x00000000   Number         0  defsig_pvfn_inner.o ABSOLUTE
    ../clib/signal.c                         0x00000000   Number         0  defsig_rtmem_inner.o ABSOLUTE
    ../clib/signal.c                         0x00000000   Number         0  defsig_cppl_inner.o ABSOLUTE
    ../clib/signal.c                         0x00000000   Number         0  __raise.o ABSOLUTE
    ../clib/signal.c                         0x00000000   Number         0  defsig_exit.o ABSOLUTE
    ../clib/signal.s                         0x00000000   Number         0  defsig.o ABSOLUTE
    ../clib/stdlib.c                         0x00000000   Number         0  exit.o ABSOLUTE
    ../fplib/basic.s                         0x00000000   Number         0  basic.o ABSOLUTE
    ../fplib/d2f.s                           0x00000000   Number         0  d2f.o ABSOLUTE
    ../fplib/daddsub.s                       0x00000000   Number         0  daddsub_clz.o ABSOLUTE
    ../fplib/dcheck1.s                       0x00000000   Number         0  dcheck1.o ABSOLUTE
    ../fplib/dcmpi.s                         0x00000000   Number         0  dcmpi.o ABSOLUTE
    ../fplib/ddiv.s                          0x00000000   Number         0  ddiv.o ABSOLUTE
    ../fplib/dfix.s                          0x00000000   Number         0  dfix.o ABSOLUTE
    ../fplib/dflt.s                          0x00000000   Number         0  dflt_clz.o ABSOLUTE
    ../fplib/dleqf.s                         0x00000000   Number         0  dleqf.o ABSOLUTE
    ../fplib/dmul.s                          0x00000000   Number         0  dmul.o ABSOLUTE
    ../fplib/dnaninf.s                       0x00000000   Number         0  dnaninf.o ABSOLUTE
    ../fplib/dretinf.s                       0x00000000   Number         0  dretinf.o ABSOLUTE
    ../fplib/drleqf.s                        0x00000000   Number         0  drleqf.o ABSOLUTE
    ../fplib/dsqrt.s                         0x00000000   Number         0  dsqrt_umaal.o ABSOLUTE
    ../fplib/f2d.s                           0x00000000   Number         0  f2d.o ABSOLUTE
    ../fplib/fnaninf.s                       0x00000000   Number         0  fnaninf.o ABSOLUTE
    ../fplib/fpinit.s                        0x00000000   Number         0  fpinit.o ABSOLUTE
    ../fplib/fretinf.s                       0x00000000   Number         0  fretinf.o ABSOLUTE
    ../fplib/retnan.s                        0x00000000   Number         0  retnan.o ABSOLUTE
    ../fplib/scalbn.s                        0x00000000   Number         0  scalbn.o ABSOLUTE
    ../fplib/trapv.s                         0x00000000   Number         0  trapv.o ABSOLUTE
    ../fplib/usenofp.s                       0x00000000   Number         0  usenofp.o ABSOLUTE
    ../mathlib/asin.c                        0x00000000   Number         0  asin_x.o ABSOLUTE
    ../mathlib/asin.c                        0x00000000   Number         0  asin.o ABSOLUTE
    ../mathlib/atan.c                        0x00000000   Number         0  atan.o ABSOLUTE
    ../mathlib/atan.c                        0x00000000   Number         0  atan_x.o ABSOLUTE
    ../mathlib/atan2.c                       0x00000000   Number         0  atan2_x.o ABSOLUTE
    ../mathlib/atan2.c                       0x00000000   Number         0  atan2.o ABSOLUTE
    ../mathlib/dunder.c                      0x00000000   Number         0  dunder.o ABSOLUTE
    ../mathlib/fabs.c                        0x00000000   Number         0  fabs.o ABSOLUTE
    ../mathlib/fpclassify.c                  0x00000000   Number         0  fpclassify.o ABSOLUTE
    ../mathlib/poly.c                        0x00000000   Number         0  poly.o ABSOLUTE
    ../mathlib/pow.c                         0x00000000   Number         0  pow_x.o ABSOLUTE
    ../mathlib/pow.c                         0x00000000   Number         0  pow.o ABSOLUTE
    ../mathlib/qnan.c                        0x00000000   Number         0  qnan.o ABSOLUTE
    ../mathlib/sqrt.c                        0x00000000   Number         0  sqrt.o ABSOLUTE
    ../mathlib/sqrt.c                        0x00000000   Number         0  sqrt_x.o ABSOLUTE
    ..\BaseDrive\BMP180.c                    0x00000000   Number         0  bmp180.o ABSOLUTE
    ..\BaseDrive\I2C.c                       0x00000000   Number         0  i2c.o ABSOLUTE
    ..\BaseDrive\IMU.c                       0x00000000   Number         0  imu.o ABSOLUTE
    ..\BaseDrive\MPU9250.c                   0x00000000   Number         0  mpu9250.o ABSOLUTE
    ..\BaseDrive\led.c                       0x00000000   Number         0  led.o ABSOLUTE
    ..\Libraries\CMSIS\Device\ST\STM32F4xx\Source\Templates\arm\startup_stm32f4xx.s 0x00000000   Number         0  startup_stm32f4xx.o ABSOLUTE
    ..\Libraries\CMSIS\Device\ST\STM32F4xx\Source\Templates\system_stm32f4xx.c 0x00000000   Number         0  system_stm32f4xx.o ABSOLUTE
    ..\Libraries\STM32F4xx_StdPeriph_Driver\src\misc.c 0x00000000   Number         0  misc.o ABSOLUTE
    ..\Libraries\STM32F4xx_StdPeriph_Driver\src\stm32f4xx_adc.c 0x00000000   Number         0  stm32f4xx_adc.o ABSOLUTE
    ..\Libraries\STM32F4xx_StdPeriph_Driver\src\stm32f4xx_can.c 0x00000000   Number         0  stm32f4xx_can.o ABSOLUTE
    ..\Libraries\STM32F4xx_StdPeriph_Driver\src\stm32f4xx_crc.c 0x00000000   Number         0  stm32f4xx_crc.o ABSOLUTE
    ..\Libraries\STM32F4xx_StdPeriph_Driver\src\stm32f4xx_cryp.c 0x00000000   Number         0  stm32f4xx_cryp.o ABSOLUTE
    ..\Libraries\STM32F4xx_StdPeriph_Driver\src\stm32f4xx_cryp_aes.c 0x00000000   Number         0  stm32f4xx_cryp_aes.o ABSOLUTE
    ..\Libraries\STM32F4xx_StdPeriph_Driver\src\stm32f4xx_cryp_des.c 0x00000000   Number         0  stm32f4xx_cryp_des.o ABSOLUTE
    ..\Libraries\STM32F4xx_StdPeriph_Driver\src\stm32f4xx_cryp_tdes.c 0x00000000   Number         0  stm32f4xx_cryp_tdes.o ABSOLUTE
    ..\Libraries\STM32F4xx_StdPeriph_Driver\src\stm32f4xx_dac.c 0x00000000   Number         0  stm32f4xx_dac.o ABSOLUTE
    ..\Libraries\STM32F4xx_StdPeriph_Driver\src\stm32f4xx_dbgmcu.c 0x00000000   Number         0  stm32f4xx_dbgmcu.o ABSOLUTE
    ..\Libraries\STM32F4xx_StdPeriph_Driver\src\stm32f4xx_dcmi.c 0x00000000   Number         0  stm32f4xx_dcmi.o ABSOLUTE
    ..\Libraries\STM32F4xx_StdPeriph_Driver\src\stm32f4xx_dma.c 0x00000000   Number         0  stm32f4xx_dma.o ABSOLUTE
    ..\Libraries\STM32F4xx_StdPeriph_Driver\src\stm32f4xx_exti.c 0x00000000   Number         0  stm32f4xx_exti.o ABSOLUTE
    ..\Libraries\STM32F4xx_StdPeriph_Driver\src\stm32f4xx_flash.c 0x00000000   Number         0  stm32f4xx_flash.o ABSOLUTE
    ..\Libraries\STM32F4xx_StdPeriph_Driver\src\stm32f4xx_fsmc.c 0x00000000   Number         0  stm32f4xx_fsmc.o ABSOLUTE
    ..\Libraries\STM32F4xx_StdPeriph_Driver\src\stm32f4xx_gpio.c 0x00000000   Number         0  stm32f4xx_gpio.o ABSOLUTE
    ..\Libraries\STM32F4xx_StdPeriph_Driver\src\stm32f4xx_hash.c 0x00000000   Number         0  stm32f4xx_hash.o ABSOLUTE
    ..\Libraries\STM32F4xx_StdPeriph_Driver\src\stm32f4xx_hash_md5.c 0x00000000   Number         0  stm32f4xx_hash_md5.o ABSOLUTE
    ..\Libraries\STM32F4xx_StdPeriph_Driver\src\stm32f4xx_hash_sha1.c 0x00000000   Number         0  stm32f4xx_hash_sha1.o ABSOLUTE
    ..\Libraries\STM32F4xx_StdPeriph_Driver\src\stm32f4xx_i2c.c 0x00000000   Number         0  stm32f4xx_i2c.o ABSOLUTE
    ..\Libraries\STM32F4xx_StdPeriph_Driver\src\stm32f4xx_iwdg.c 0x00000000   Number         0  stm32f4xx_iwdg.o ABSOLUTE
    ..\Libraries\STM32F4xx_StdPeriph_Driver\src\stm32f4xx_pwr.c 0x00000000   Number         0  stm32f4xx_pwr.o ABSOLUTE
    ..\Libraries\STM32F4xx_StdPeriph_Driver\src\stm32f4xx_rcc.c 0x00000000   Number         0  stm32f4xx_rcc.o ABSOLUTE
    ..\Libraries\STM32F4xx_StdPeriph_Driver\src\stm32f4xx_rng.c 0x00000000   Number         0  stm32f4xx_rng.o ABSOLUTE
    ..\Libraries\STM32F4xx_StdPeriph_Driver\src\stm32f4xx_rtc.c 0x00000000   Number         0  stm32f4xx_rtc.o ABSOLUTE
    ..\Libraries\STM32F4xx_StdPeriph_Driver\src\stm32f4xx_sdio.c 0x00000000   Number         0  stm32f4xx_sdio.o ABSOLUTE
    ..\Libraries\STM32F4xx_StdPeriph_Driver\src\stm32f4xx_spi.c 0x00000000   Number         0  stm32f4xx_spi.o ABSOLUTE
    ..\Libraries\STM32F4xx_StdPeriph_Driver\src\stm32f4xx_syscfg.c 0x00000000   Number         0  stm32f4xx_syscfg.o ABSOLUTE
    ..\Libraries\STM32F4xx_StdPeriph_Driver\src\stm32f4xx_tim.c 0x00000000   Number         0  stm32f4xx_tim.o ABSOLUTE
    ..\Libraries\STM32F4xx_StdPeriph_Driver\src\stm32f4xx_usart.c 0x00000000   Number         0  stm32f4xx_usart.o ABSOLUTE
    ..\Libraries\STM32F4xx_StdPeriph_Driver\src\stm32f4xx_wwdg.c 0x00000000   Number         0  stm32f4xx_wwdg.o ABSOLUTE
    ..\User\main.c                           0x00000000   Number         0  main.o ABSOLUTE
    ..\User\stm32f4xx_it.c                   0x00000000   Number         0  stm32f4xx_it.o ABSOLUTE
    ..\\BaseDrive\\BMP180.c                  0x00000000   Number         0  bmp180.o ABSOLUTE
    ..\\BaseDrive\\I2C.c                     0x00000000   Number         0  i2c.o ABSOLUTE
    ..\\BaseDrive\\IMU.c                     0x00000000   Number         0  imu.o ABSOLUTE
    ..\\BaseDrive\\MPU9250.c                 0x00000000   Number         0  mpu9250.o ABSOLUTE
    ..\\BaseDrive\\led.c                     0x00000000   Number         0  led.o ABSOLUTE
    ..\\Libraries\\CMSIS\\Device\\ST\\STM32F4xx\\Source\\Templates\\system_stm32f4xx.c 0x00000000   Number         0  system_stm32f4xx.o ABSOLUTE
    ..\\Libraries\\STM32F4xx_StdPeriph_Driver\\src\\misc.c 0x00000000   Number         0  misc.o ABSOLUTE
    ..\\Libraries\\STM32F4xx_StdPeriph_Driver\\src\\stm32f4xx_adc.c 0x00000000   Number         0  stm32f4xx_adc.o ABSOLUTE
    ..\\Libraries\\STM32F4xx_StdPeriph_Driver\\src\\stm32f4xx_can.c 0x00000000   Number         0  stm32f4xx_can.o ABSOLUTE
    ..\\Libraries\\STM32F4xx_StdPeriph_Driver\\src\\stm32f4xx_crc.c 0x00000000   Number         0  stm32f4xx_crc.o ABSOLUTE
    ..\\Libraries\\STM32F4xx_StdPeriph_Driver\\src\\stm32f4xx_cryp.c 0x00000000   Number         0  stm32f4xx_cryp.o ABSOLUTE
    ..\\Libraries\\STM32F4xx_StdPeriph_Driver\\src\\stm32f4xx_cryp_aes.c 0x00000000   Number         0  stm32f4xx_cryp_aes.o ABSOLUTE
    ..\\Libraries\\STM32F4xx_StdPeriph_Driver\\src\\stm32f4xx_cryp_des.c 0x00000000   Number         0  stm32f4xx_cryp_des.o ABSOLUTE
    ..\\Libraries\\STM32F4xx_StdPeriph_Driver\\src\\stm32f4xx_cryp_tdes.c 0x00000000   Number         0  stm32f4xx_cryp_tdes.o ABSOLUTE
    ..\\Libraries\\STM32F4xx_StdPeriph_Driver\\src\\stm32f4xx_dac.c 0x00000000   Number         0  stm32f4xx_dac.o ABSOLUTE
    ..\\Libraries\\STM32F4xx_StdPeriph_Driver\\src\\stm32f4xx_dbgmcu.c 0x00000000   Number         0  stm32f4xx_dbgmcu.o ABSOLUTE
    ..\\Libraries\\STM32F4xx_StdPeriph_Driver\\src\\stm32f4xx_dcmi.c 0x00000000   Number         0  stm32f4xx_dcmi.o ABSOLUTE
    ..\\Libraries\\STM32F4xx_StdPeriph_Driver\\src\\stm32f4xx_dma.c 0x00000000   Number         0  stm32f4xx_dma.o ABSOLUTE
    ..\\Libraries\\STM32F4xx_StdPeriph_Driver\\src\\stm32f4xx_exti.c 0x00000000   Number         0  stm32f4xx_exti.o ABSOLUTE
    ..\\Libraries\\STM32F4xx_StdPeriph_Driver\\src\\stm32f4xx_flash.c 0x00000000   Number         0  stm32f4xx_flash.o ABSOLUTE
    ..\\Libraries\\STM32F4xx_StdPeriph_Driver\\src\\stm32f4xx_fsmc.c 0x00000000   Number         0  stm32f4xx_fsmc.o ABSOLUTE
    ..\\Libraries\\STM32F4xx_StdPeriph_Driver\\src\\stm32f4xx_gpio.c 0x00000000   Number         0  stm32f4xx_gpio.o ABSOLUTE
    ..\\Libraries\\STM32F4xx_StdPeriph_Driver\\src\\stm32f4xx_hash.c 0x00000000   Number         0  stm32f4xx_hash.o ABSOLUTE
    ..\\Libraries\\STM32F4xx_StdPeriph_Driver\\src\\stm32f4xx_hash_md5.c 0x00000000   Number         0  stm32f4xx_hash_md5.o ABSOLUTE
    ..\\Libraries\\STM32F4xx_StdPeriph_Driver\\src\\stm32f4xx_hash_sha1.c 0x00000000   Number         0  stm32f4xx_hash_sha1.o ABSOLUTE
    ..\\Libraries\\STM32F4xx_StdPeriph_Driver\\src\\stm32f4xx_i2c.c 0x00000000   Number         0  stm32f4xx_i2c.o ABSOLUTE
    ..\\Libraries\\STM32F4xx_StdPeriph_Driver\\src\\stm32f4xx_iwdg.c 0x00000000   Number         0  stm32f4xx_iwdg.o ABSOLUTE
    ..\\Libraries\\STM32F4xx_StdPeriph_Driver\\src\\stm32f4xx_pwr.c 0x00000000   Number         0  stm32f4xx_pwr.o ABSOLUTE
    ..\\Libraries\\STM32F4xx_StdPeriph_Driver\\src\\stm32f4xx_rcc.c 0x00000000   Number         0  stm32f4xx_rcc.o ABSOLUTE
    ..\\Libraries\\STM32F4xx_StdPeriph_Driver\\src\\stm32f4xx_rng.c 0x00000000   Number         0  stm32f4xx_rng.o ABSOLUTE
    ..\\Libraries\\STM32F4xx_StdPeriph_Driver\\src\\stm32f4xx_rtc.c 0x00000000   Number         0  stm32f4xx_rtc.o ABSOLUTE
    ..\\Libraries\\STM32F4xx_StdPeriph_Driver\\src\\stm32f4xx_sdio.c 0x00000000   Number         0  stm32f4xx_sdio.o ABSOLUTE
    ..\\Libraries\\STM32F4xx_StdPeriph_Driver\\src\\stm32f4xx_spi.c 0x00000000   Number         0  stm32f4xx_spi.o ABSOLUTE
    ..\\Libraries\\STM32F4xx_StdPeriph_Driver\\src\\stm32f4xx_syscfg.c 0x00000000   Number         0  stm32f4xx_syscfg.o ABSOLUTE
    ..\\Libraries\\STM32F4xx_StdPeriph_Driver\\src\\stm32f4xx_tim.c 0x00000000   Number         0  stm32f4xx_tim.o ABSOLUTE
    ..\\Libraries\\STM32F4xx_StdPeriph_Driver\\src\\stm32f4xx_usart.c 0x00000000   Number         0  stm32f4xx_usart.o ABSOLUTE
    ..\\Libraries\\STM32F4xx_StdPeriph_Driver\\src\\stm32f4xx_wwdg.c 0x00000000   Number         0  stm32f4xx_wwdg.o ABSOLUTE
    ..\\User\\main.c                         0x00000000   Number         0  main.o ABSOLUTE
    ..\\User\\stm32f4xx_it.c                 0x00000000   Number         0  stm32f4xx_it.o ABSOLUTE
    dc.s                                     0x00000000   Number         0  dc.o ABSOLUTE
    RESET                                    0x08000000   Section      392  startup_stm32f4xx.o(RESET)
    !!!main                                  0x08000188   Section        8  __main.o(!!!main)
    !!!scatter                               0x08000190   Section       52  __scatter.o(!!!scatter)
    !!handler_copy                           0x080001c4   Section       26  __scatter_copy.o(!!handler_copy)
    !!handler_zi                             0x080001e0   Section       28  __scatter_zi.o(!!handler_zi)
    .ARM.Collect$$libinit$$00000000          0x080001fc   Section        2  libinit.o(.ARM.Collect$$libinit$$00000000)
    .ARM.Collect$$libinit$$00000001          0x080001fe   Section        4  libinit2.o(.ARM.Collect$$libinit$$00000001)
    .ARM.Collect$$libinit$$00000004          0x08000202   Section        0  libinit2.o(.ARM.Collect$$libinit$$00000004)
    .ARM.Collect$$libinit$$0000000A          0x08000202   Section        0  libinit2.o(.ARM.Collect$$libinit$$0000000A)
    .ARM.Collect$$libinit$$0000000C          0x08000202   Section        0  libinit2.o(.ARM.Collect$$libinit$$0000000C)
    .ARM.Collect$$libinit$$0000000E          0x08000202   Section        0  libinit2.o(.ARM.Collect$$libinit$$0000000E)
    .ARM.Collect$$libinit$$00000011          0x08000202   Section        0  libinit2.o(.ARM.Collect$$libinit$$00000011)
    .ARM.Collect$$libinit$$00000013          0x08000202   Section        0  libinit2.o(.ARM.Collect$$libinit$$00000013)
    .ARM.Collect$$libinit$$00000015          0x08000202   Section        0  libinit2.o(.ARM.Collect$$libinit$$00000015)
    .ARM.Collect$$libinit$$00000017          0x08000202   Section        0  libinit2.o(.ARM.Collect$$libinit$$00000017)
    .ARM.Collect$$libinit$$00000019          0x08000202   Section        0  libinit2.o(.ARM.Collect$$libinit$$00000019)
    .ARM.Collect$$libinit$$0000001B          0x08000202   Section        0  libinit2.o(.ARM.Collect$$libinit$$0000001B)
    .ARM.Collect$$libinit$$0000001D          0x08000202   Section        0  libinit2.o(.ARM.Collect$$libinit$$0000001D)
    .ARM.Collect$$libinit$$0000001F          0x08000202   Section        0  libinit2.o(.ARM.Collect$$libinit$$0000001F)
    .ARM.Collect$$libinit$$00000021          0x08000202   Section        0  libinit2.o(.ARM.Collect$$libinit$$00000021)
    .ARM.Collect$$libinit$$00000023          0x08000202   Section        0  libinit2.o(.ARM.Collect$$libinit$$00000023)
    .ARM.Collect$$libinit$$00000025          0x08000202   Section        0  libinit2.o(.ARM.Collect$$libinit$$00000025)
    .ARM.Collect$$libinit$$0000002C          0x08000202   Section        0  libinit2.o(.ARM.Collect$$libinit$$0000002C)
    .ARM.Collect$$libinit$$0000002E          0x08000202   Section        0  libinit2.o(.ARM.Collect$$libinit$$0000002E)
    .ARM.Collect$$libinit$$00000030          0x08000202   Section        0  libinit2.o(.ARM.Collect$$libinit$$00000030)
    .ARM.Collect$$libinit$$00000032          0x08000202   Section        0  libinit2.o(.ARM.Collect$$libinit$$00000032)
    .ARM.Collect$$libinit$$00000033          0x08000202   Section        2  libinit2.o(.ARM.Collect$$libinit$$00000033)
    .ARM.Collect$$libshutdown$$00000000      0x08000204   Section        2  libshutdown.o(.ARM.Collect$$libshutdown$$00000000)
    .ARM.Collect$$libshutdown$$00000002      0x08000206   Section        0  libshutdown2.o(.ARM.Collect$$libshutdown$$00000002)
    .ARM.Collect$$libshutdown$$00000004      0x08000206   Section        0  libshutdown2.o(.ARM.Collect$$libshutdown$$00000004)
    .ARM.Collect$$libshutdown$$00000007      0x08000206   Section        0  libshutdown2.o(.ARM.Collect$$libshutdown$$00000007)
    .ARM.Collect$$libshutdown$$0000000A      0x08000206   Section        0  libshutdown2.o(.ARM.Collect$$libshutdown$$0000000A)
    .ARM.Collect$$libshutdown$$0000000C      0x08000206   Section        0  libshutdown2.o(.ARM.Collect$$libshutdown$$0000000C)
    .ARM.Collect$$libshutdown$$0000000F      0x08000206   Section        0  libshutdown2.o(.ARM.Collect$$libshutdown$$0000000F)
    .ARM.Collect$$libshutdown$$00000010      0x08000206   Section        2  libshutdown2.o(.ARM.Collect$$libshutdown$$00000010)
    .ARM.Collect$$rtentry$$00000000          0x08000208   Section        0  __rtentry.o(.ARM.Collect$$rtentry$$00000000)
    .ARM.Collect$$rtentry$$00000002          0x08000208   Section        0  __rtentry2.o(.ARM.Collect$$rtentry$$00000002)
    .ARM.Collect$$rtentry$$00000004          0x08000208   Section        6  __rtentry4.o(.ARM.Collect$$rtentry$$00000004)
    .ARM.Collect$$rtentry$$00000009          0x0800020e   Section        0  __rtentry2.o(.ARM.Collect$$rtentry$$00000009)
    .ARM.Collect$$rtentry$$0000000A          0x0800020e   Section        4  __rtentry2.o(.ARM.Collect$$rtentry$$0000000A)
    .ARM.Collect$$rtentry$$0000000C          0x08000212   Section        0  __rtentry2.o(.ARM.Collect$$rtentry$$0000000C)
    .ARM.Collect$$rtentry$$0000000D          0x08000212   Section        8  __rtentry2.o(.ARM.Collect$$rtentry$$0000000D)
    .ARM.Collect$$rtexit$$00000000           0x0800021a   Section        2  rtexit.o(.ARM.Collect$$rtexit$$00000000)
    .ARM.Collect$$rtexit$$00000002           0x0800021c   Section        0  rtexit2.o(.ARM.Collect$$rtexit$$00000002)
    .ARM.Collect$$rtexit$$00000003           0x0800021c   Section        4  rtexit2.o(.ARM.Collect$$rtexit$$00000003)
    .ARM.Collect$$rtexit$$00000004           0x08000220   Section        6  rtexit2.o(.ARM.Collect$$rtexit$$00000004)
    .text                                    0x08000228   Section        0  system_stm32f4xx.o(.text)
    SetSysClock                              0x08000229   Thumb Code   220  system_stm32f4xx.o(.text)
    .text                                    0x08000438   Section       64  startup_stm32f4xx.o(.text)
    $v0                                      0x08000438   Number         0  startup_stm32f4xx.o(.text)
    .text                                    0x08000478   Section        0  main.o(.text)
    .text                                    0x080004cc   Section        0  stm32f4xx_it.o(.text)
    .text                                    0x080004e8   Section        0  stm32f4xx_gpio.o(.text)
    .text                                    0x08000744   Section        0  stm32f4xx_rcc.o(.text)
    .text                                    0x08000ccc   Section        0  led.o(.text)
    .text                                    0x08000d04   Section        0  i2c.o(.text)
    .text                                    0x080011c0   Section        0  imu.o(.text)
    .text                                    0x08001d20   Section        0  bmp180.o(.text)
    .text                                    0x080022e8   Section        0  mpu9250.o(.text)
    .text                                    0x080026cc   Section        0  heapauxi.o(.text)
    .text                                    0x080026d2   Section        0  _rserrno.o(.text)
    .text                                    0x080026e8   Section        8  rt_errno_addr_intlibspace.o(.text)
    .text                                    0x080026f0   Section        8  libspace.o(.text)
    .text                                    0x080026f8   Section       74  sys_stackheap_outer.o(.text)
    .text                                    0x08002742   Section        0  exit.o(.text)
    .text                                    0x08002754   Section        0  sys_exit.o(.text)
    .text                                    0x08002760   Section        2  use_no_semi.o(.text)
    .text                                    0x08002762   Section        0  indicate_semi.o(.text)
    i.__ARM_fpclassify                       0x08002762   Section        0  fpclassify.o(i.__ARM_fpclassify)
    i.__hardfp_asin                          0x08002798   Section        0  asin.o(i.__hardfp_asin)
    i.__hardfp_atan                          0x08002af8   Section        0  atan.o(i.__hardfp_atan)
    i.__hardfp_atan2                         0x08002dd0   Section        0  atan2.o(i.__hardfp_atan2)
    i.__hardfp_pow                           0x08002fc0   Section        0  pow.o(i.__hardfp_pow)
    i.__hardfp_sqrt                          0x08003c10   Section        0  sqrt.o(i.__hardfp_sqrt)
    i.__kernel_poly                          0x08003c8a   Section        0  poly.o(i.__kernel_poly)
    i.__mathlib_dbl_divzero                  0x08003d88   Section        0  dunder.o(i.__mathlib_dbl_divzero)
    i.__mathlib_dbl_infnan                   0x08003db8   Section        0  dunder.o(i.__mathlib_dbl_infnan)
    i.__mathlib_dbl_infnan2                  0x08003dcc   Section        0  dunder.o(i.__mathlib_dbl_infnan2)
    i.__mathlib_dbl_invalid                  0x08003de0   Section        0  dunder.o(i.__mathlib_dbl_invalid)
    i.__mathlib_dbl_overflow                 0x08003e00   Section        0  dunder.o(i.__mathlib_dbl_overflow)
    i.__mathlib_dbl_underflow                0x08003e20   Section        0  dunder.o(i.__mathlib_dbl_underflow)
    i.atan                                   0x08003e40   Section        0  atan.o(i.atan)
    i.fabs                                   0x08003e50   Section        0  fabs.o(i.fabs)
    i.sqrt                                   0x08003e68   Section        0  sqrt.o(i.sqrt)
    x$fpl$basic                              0x08003ed6   Section       24  basic.o(x$fpl$basic)
    $v0                                      0x08003ed6   Number         0  basic.o(x$fpl$basic)
    x$fpl$d2f                                0x08003ef0   Section       98  d2f.o(x$fpl$d2f)
    $v0                                      0x08003ef0   Number         0  d2f.o(x$fpl$d2f)
    x$fpl$dadd                               0x08003f54   Section      336  daddsub_clz.o(x$fpl$dadd)
    $v0                                      0x08003f54   Number         0  daddsub_clz.o(x$fpl$dadd)
    _dadd1                                   0x08003f65   Thumb Code     0  daddsub_clz.o(x$fpl$dadd)
    x$fpl$dcheck1                            0x080040a4   Section       16  dcheck1.o(x$fpl$dcheck1)
    $v0                                      0x080040a4   Number         0  dcheck1.o(x$fpl$dcheck1)
    x$fpl$dcmpinf                            0x080040b4   Section       24  dcmpi.o(x$fpl$dcmpinf)
    $v0                                      0x080040b4   Number         0  dcmpi.o(x$fpl$dcmpinf)
    x$fpl$ddiv                               0x080040cc   Section      688  ddiv.o(x$fpl$ddiv)
    $v0                                      0x080040cc   Number         0  ddiv.o(x$fpl$ddiv)
    ddiv_entry                               0x080040d3   Thumb Code     0  ddiv.o(x$fpl$ddiv)
    x$fpl$dfix                               0x0800437c   Section       94  dfix.o(x$fpl$dfix)
    $v0                                      0x0800437c   Number         0  dfix.o(x$fpl$dfix)
    x$fpl$dflt                               0x080043da   Section       46  dflt_clz.o(x$fpl$dflt)
    $v0                                      0x080043da   Number         0  dflt_clz.o(x$fpl$dflt)
    x$fpl$dleqf                              0x08004408   Section      120  dleqf.o(x$fpl$dleqf)
    $v0                                      0x08004408   Number         0  dleqf.o(x$fpl$dleqf)
    x$fpl$dmul                               0x08004480   Section      340  dmul.o(x$fpl$dmul)
    $v0                                      0x08004480   Number         0  dmul.o(x$fpl$dmul)
    x$fpl$dnaninf                            0x080045d4   Section      156  dnaninf.o(x$fpl$dnaninf)
    $v0                                      0x080045d4   Number         0  dnaninf.o(x$fpl$dnaninf)
    x$fpl$dretinf                            0x08004670   Section       12  dretinf.o(x$fpl$dretinf)
    $v0                                      0x08004670   Number         0  dretinf.o(x$fpl$dretinf)
    x$fpl$drleqf                             0x0800467c   Section      108  drleqf.o(x$fpl$drleqf)
    $v0                                      0x0800467c   Number         0  drleqf.o(x$fpl$drleqf)
    x$fpl$drsb                               0x080046e8   Section       22  daddsub_clz.o(x$fpl$drsb)
    $v0                                      0x080046e8   Number         0  daddsub_clz.o(x$fpl$drsb)
    x$fpl$dsqrt                              0x08004700   Section      408  dsqrt_umaal.o(x$fpl$dsqrt)
    $v0                                      0x08004700   Number         0  dsqrt_umaal.o(x$fpl$dsqrt)
    x$fpl$dsub                               0x08004898   Section      468  daddsub_clz.o(x$fpl$dsub)
    $v0                                      0x08004898   Number         0  daddsub_clz.o(x$fpl$dsub)
    _dsub1                                   0x080048a9   Thumb Code     0  daddsub_clz.o(x$fpl$dsub)
    x$fpl$f2d                                0x08004a6c   Section       86  f2d.o(x$fpl$f2d)
    $v0                                      0x08004a6c   Number         0  f2d.o(x$fpl$f2d)
    x$fpl$fnaninf                            0x08004ac2   Section      140  fnaninf.o(x$fpl$fnaninf)
    $v0                                      0x08004ac2   Number         0  fnaninf.o(x$fpl$fnaninf)
    x$fpl$fpinit                             0x08004b4e   Section       10  fpinit.o(x$fpl$fpinit)
    $v0                                      0x08004b4e   Number         0  fpinit.o(x$fpl$fpinit)
    x$fpl$fretinf                            0x08004b58   Section       10  fretinf.o(x$fpl$fretinf)
    $v0                                      0x08004b58   Number         0  fretinf.o(x$fpl$fretinf)
    x$fpl$retnan                             0x08004b62   Section      100  retnan.o(x$fpl$retnan)
    $v0                                      0x08004b62   Number         0  retnan.o(x$fpl$retnan)
    x$fpl$scalbn                             0x08004bc6   Section       92  scalbn.o(x$fpl$scalbn)
    $v0                                      0x08004bc6   Number         0  scalbn.o(x$fpl$scalbn)
    x$fpl$trapveneer                         0x08004c22   Section       48  trapv.o(x$fpl$trapveneer)
    $v0                                      0x08004c22   Number         0  trapv.o(x$fpl$trapveneer)
    x$fpl$usenofp                            0x08004c52   Section        0  usenofp.o(x$fpl$usenofp)
    .constdata                               0x08004c58   Section       80  asin.o(.constdata)
    pS                                       0x08004c58   Data          48  asin.o(.constdata)
    qS                                       0x08004c88   Data          32  asin.o(.constdata)
    .constdata                               0x08004ca8   Section      136  pow.o(.constdata)
    bp                                       0x08004ca8   Data          16  pow.o(.constdata)
    dp_h                                     0x08004cb8   Data          16  pow.o(.constdata)
    dp_l                                     0x08004cc8   Data          16  pow.o(.constdata)
    L                                        0x08004cd8   Data          48  pow.o(.constdata)
    P                                        0x08004d08   Data          40  pow.o(.constdata)
    .constdata                               0x08004d30   Section      152  atan.o(.constdata)
    atanhi                                   0x08004d30   Data          32  atan.o(.constdata)
    atanlo                                   0x08004d50   Data          32  atan.o(.constdata)
    aTodd                                    0x08004d70   Data          40  atan.o(.constdata)
    aTeven                                   0x08004d98   Data          48  atan.o(.constdata)
    .constdata                               0x08004dc8   Section        8  qnan.o(.constdata)
    .data                                    0x20000000   Section       20  system_stm32f4xx.o(.data)
    .data                                    0x20000014   Section       16  stm32f4xx_rcc.o(.data)
    APBAHBPrescTable                         0x20000014   Data          16  stm32f4xx_rcc.o(.data)
    .data                                    0x20000024   Section       16  imu.o(.data)
    .data                                    0x20000034   Section       53  bmp180.o(.data)
    State                                    0x20000068   Data           1  bmp180.o(.data)
    .data                                    0x2000006a   Section       30  mpu9250.o(.data)
    .bss                                     0x20000088   Section       12  main.o(.bss)
    .bss                                     0x20000094   Section      108  bmp180.o(.bss)
    BMP180_Filter                            0x20000094   Data         108  bmp180.o(.bss)
    .bss                                     0x20000100   Section      214  mpu9250.o(.bss)
    OutBuffer                                0x2000010c   Data          12  mpu9250.o(.bss)
    MPU9250_Filter                           0x20000118   Data          54  mpu9250.o(.bss)
    OutBuffer                                0x20000150   Data          12  mpu9250.o(.bss)
    MPU9250_Filter                           0x2000015c   Data          54  mpu9250.o(.bss)
    OutBuffer                                0x20000194   Data          12  mpu9250.o(.bss)
    MPU9250_Filter                           0x200001a0   Data          54  mpu9250.o(.bss)
    .bss                                     0x200001d8   Section       96  libspace.o(.bss)
    HEAP                                     0x20000238   Section      512  startup_stm32f4xx.o(HEAP)
    Heap_Mem                                 0x20000238   Data         512  startup_stm32f4xx.o(HEAP)
    STACK                                    0x20000438   Section     1024  startup_stm32f4xx.o(STACK)
    Stack_Mem                                0x20000438   Data        1024  startup_stm32f4xx.o(STACK)
    __initial_sp                             0x20000838   Data           0  startup_stm32f4xx.o(STACK)

    Global Symbols

    Symbol Name                              Value     Ov Type        Size  Object(Section)

    BuildAttributes$$THM_ISAv4$E$P$D$K$B$S$7EM$VFPi3$EXTD16$VFPS$VFMA$PE$A:L22UL41UL21$X:L11$S22US41US21$IEEE1$IW$USESV6$~STKCKD$USESV7$~SHL$OTIME$ROPI$IEEEX$EBA8$UX$STANDARDLIB$REQ8$PRES8$EABIv2 0x00000000   Number         0  anon$$obj.o ABSOLUTE
    __ARM_use_no_argv                        0x00000000   Number         0  main.o ABSOLUTE
    __ARM_exceptions_init                     - Undefined Weak Reference
    __alloca_initialize                       - Undefined Weak Reference
    __arm_preinit_                            - Undefined Weak Reference
    __cpp_initialize__aeabi_                  - Undefined Weak Reference
    __cxa_finalize                            - Undefined Weak Reference
    __rt_locale                               - Undefined Weak Reference
    __sigvec_lookup                           - Undefined Weak Reference
    _atexit_init                              - Undefined Weak Reference
    _call_atexit_fns                          - Undefined Weak Reference
    _clock_init                               - Undefined Weak Reference
    _fp_trap_init                             - Undefined Weak Reference
    _fp_trap_shutdown                         - Undefined Weak Reference
    _get_lc_collate                           - Undefined Weak Reference
    _get_lc_ctype                             - Undefined Weak Reference
    _get_lc_monetary                          - Undefined Weak Reference
    _get_lc_numeric                           - Undefined Weak Reference
    _get_lc_time                              - Undefined Weak Reference
    _getenv_init                              - Undefined Weak Reference
    _handle_redirection                       - Undefined Weak Reference
    _init_alloc                               - Undefined Weak Reference
    _init_user_alloc                          - Undefined Weak Reference
    _initio                                   - Undefined Weak Reference
    _rand_init                                - Undefined Weak Reference
    _signal_finish                            - Undefined Weak Reference
    _signal_init                              - Undefined Weak Reference
    _terminate_alloc                          - Undefined Weak Reference
    _terminate_user_alloc                     - Undefined Weak Reference
    _terminateio                              - Undefined Weak Reference
    __Vectors_Size                           0x00000188   Number         0  startup_stm32f4xx.o ABSOLUTE
    __Vectors                                0x08000000   Data           4  startup_stm32f4xx.o(RESET)
    __Vectors_End                            0x08000188   Data           0  startup_stm32f4xx.o(RESET)
    __main                                   0x08000189   Thumb Code     8  __main.o(!!!main)
    __scatterload                            0x08000191   Thumb Code     0  __scatter.o(!!!scatter)
    __scatterload_rt2                        0x08000191   Thumb Code    44  __scatter.o(!!!scatter)
    __scatterload_rt2_thumb_only             0x08000191   Thumb Code     0  __scatter.o(!!!scatter)
    __scatterload_null                       0x0800019f   Thumb Code     0  __scatter.o(!!!scatter)
    __scatterload_copy                       0x080001c5   Thumb Code    26  __scatter_copy.o(!!handler_copy)
    __scatterload_zeroinit                   0x080001e1   Thumb Code    28  __scatter_zi.o(!!handler_zi)
    __rt_lib_init                            0x080001fd   Thumb Code     0  libinit.o(.ARM.Collect$$libinit$$00000000)
    __rt_lib_init_fp_1                       0x080001ff   Thumb Code     0  libinit2.o(.ARM.Collect$$libinit$$00000001)
    __rt_lib_init_alloca_1                   0x08000203   Thumb Code     0  libinit2.o(.ARM.Collect$$libinit$$0000002E)
    __rt_lib_init_argv_1                     0x08000203   Thumb Code     0  libinit2.o(.ARM.Collect$$libinit$$0000002C)
    __rt_lib_init_atexit_1                   0x08000203   Thumb Code     0  libinit2.o(.ARM.Collect$$libinit$$0000001B)
    __rt_lib_init_clock_1                    0x08000203   Thumb Code     0  libinit2.o(.ARM.Collect$$libinit$$00000021)
    __rt_lib_init_cpp_1                      0x08000203   Thumb Code     0  libinit2.o(.ARM.Collect$$libinit$$00000032)
    __rt_lib_init_exceptions_1               0x08000203   Thumb Code     0  libinit2.o(.ARM.Collect$$libinit$$00000030)
    __rt_lib_init_fp_trap_1                  0x08000203   Thumb Code     0  libinit2.o(.ARM.Collect$$libinit$$0000001F)
    __rt_lib_init_getenv_1                   0x08000203   Thumb Code     0  libinit2.o(.ARM.Collect$$libinit$$00000023)
    __rt_lib_init_heap_1                     0x08000203   Thumb Code     0  libinit2.o(.ARM.Collect$$libinit$$0000000A)
    __rt_lib_init_lc_collate_1               0x08000203   Thumb Code     0  libinit2.o(.ARM.Collect$$libinit$$00000011)
    __rt_lib_init_lc_ctype_1                 0x08000203   Thumb Code     0  libinit2.o(.ARM.Collect$$libinit$$00000013)
    __rt_lib_init_lc_monetary_1              0x08000203   Thumb Code     0  libinit2.o(.ARM.Collect$$libinit$$00000015)
    __rt_lib_init_lc_numeric_1               0x08000203   Thumb Code     0  libinit2.o(.ARM.Collect$$libinit$$00000017)
    __rt_lib_init_lc_time_1                  0x08000203   Thumb Code     0  libinit2.o(.ARM.Collect$$libinit$$00000019)
    __rt_lib_init_preinit_1                  0x08000203   Thumb Code     0  libinit2.o(.ARM.Collect$$libinit$$00000004)
    __rt_lib_init_rand_1                     0x08000203   Thumb Code     0  libinit2.o(.ARM.Collect$$libinit$$0000000E)
    __rt_lib_init_return                     0x08000203   Thumb Code     0  libinit2.o(.ARM.Collect$$libinit$$00000033)
    __rt_lib_init_signal_1                   0x08000203   Thumb Code     0  libinit2.o(.ARM.Collect$$libinit$$0000001D)
    __rt_lib_init_stdio_1                    0x08000203   Thumb Code     0  libinit2.o(.ARM.Collect$$libinit$$00000025)
    __rt_lib_init_user_alloc_1               0x08000203   Thumb Code     0  libinit2.o(.ARM.Collect$$libinit$$0000000C)
    __rt_lib_shutdown                        0x08000205   Thumb Code     0  libshutdown.o(.ARM.Collect$$libshutdown$$00000000)
    __rt_lib_shutdown_cpp_1                  0x08000207   Thumb Code     0  libshutdown2.o(.ARM.Collect$$libshutdown$$00000002)
    __rt_lib_shutdown_fp_trap_1              0x08000207   Thumb Code     0  libshutdown2.o(.ARM.Collect$$libshutdown$$00000007)
    __rt_lib_shutdown_heap_1                 0x08000207   Thumb Code     0  libshutdown2.o(.ARM.Collect$$libshutdown$$0000000F)
    __rt_lib_shutdown_return                 0x08000207   Thumb Code     0  libshutdown2.o(.ARM.Collect$$libshutdown$$00000010)
    __rt_lib_shutdown_signal_1               0x08000207   Thumb Code     0  libshutdown2.o(.ARM.Collect$$libshutdown$$0000000A)
    __rt_lib_shutdown_stdio_1                0x08000207   Thumb Code     0  libshutdown2.o(.ARM.Collect$$libshutdown$$00000004)
    __rt_lib_shutdown_user_alloc_1           0x08000207   Thumb Code     0  libshutdown2.o(.ARM.Collect$$libshutdown$$0000000C)
    __rt_entry                               0x08000209   Thumb Code     0  __rtentry.o(.ARM.Collect$$rtentry$$00000000)
    __rt_entry_presh_1                       0x08000209   Thumb Code     0  __rtentry2.o(.ARM.Collect$$rtentry$$00000002)
    __rt_entry_sh                            0x08000209   Thumb Code     0  __rtentry4.o(.ARM.Collect$$rtentry$$00000004)
    __rt_entry_li                            0x0800020f   Thumb Code     0  __rtentry2.o(.ARM.Collect$$rtentry$$0000000A)
    __rt_entry_postsh_1                      0x0800020f   Thumb Code     0  __rtentry2.o(.ARM.Collect$$rtentry$$00000009)
    __rt_entry_main                          0x08000213   Thumb Code     0  __rtentry2.o(.ARM.Collect$$rtentry$$0000000D)
    __rt_entry_postli_1                      0x08000213   Thumb Code     0  __rtentry2.o(.ARM.Collect$$rtentry$$0000000C)
    __rt_exit                                0x0800021b   Thumb Code     0  rtexit.o(.ARM.Collect$$rtexit$$00000000)
    __rt_exit_ls                             0x0800021d   Thumb Code     0  rtexit2.o(.ARM.Collect$$rtexit$$00000003)
    __rt_exit_prels_1                        0x0800021d   Thumb Code     0  rtexit2.o(.ARM.Collect$$rtexit$$00000002)
    __rt_exit_exit                           0x08000221   Thumb Code     0  rtexit2.o(.ARM.Collect$$rtexit$$00000004)
    SystemInit                               0x08000305   Thumb Code    88  system_stm32f4xx.o(.text)
    SystemCoreClockUpdate                    0x0800035d   Thumb Code   174  system_stm32f4xx.o(.text)
    Reset_Handler                            0x08000439   Thumb Code     8  startup_stm32f4xx.o(.text)
    ADC_IRQHandler                           0x08000453   Thumb Code     0  startup_stm32f4xx.o(.text)
    CAN1_RX0_IRQHandler                      0x08000453   Thumb Code     0  startup_stm32f4xx.o(.text)
    CAN1_RX1_IRQHandler                      0x08000453   Thumb Code     0  startup_stm32f4xx.o(.text)
    CAN1_SCE_IRQHandler                      0x08000453   Thumb Code     0  startup_stm32f4xx.o(.text)
    CAN1_TX_IRQHandler                       0x08000453   Thumb Code     0  startup_stm32f4xx.o(.text)
    CAN2_RX0_IRQHandler                      0x08000453   Thumb Code     0  startup_stm32f4xx.o(.text)
    CAN2_RX1_IRQHandler                      0x08000453   Thumb Code     0  startup_stm32f4xx.o(.text)
    CAN2_SCE_IRQHandler                      0x08000453   Thumb Code     0  startup_stm32f4xx.o(.text)
    CAN2_TX_IRQHandler                       0x08000453   Thumb Code     0  startup_stm32f4xx.o(.text)
    CRYP_IRQHandler                          0x08000453   Thumb Code     0  startup_stm32f4xx.o(.text)
    DCMI_IRQHandler                          0x08000453   Thumb Code     0  startup_stm32f4xx.o(.text)
    DMA1_Stream0_IRQHandler                  0x08000453   Thumb Code     0  startup_stm32f4xx.o(.text)
    DMA1_Stream1_IRQHandler                  0x08000453   Thumb Code     0  startup_stm32f4xx.o(.text)
    DMA1_Stream2_IRQHandler                  0x08000453   Thumb Code     0  startup_stm32f4xx.o(.text)
    DMA1_Stream3_IRQHandler                  0x08000453   Thumb Code     0  startup_stm32f4xx.o(.text)
    DMA1_Stream4_IRQHandler                  0x08000453   Thumb Code     0  startup_stm32f4xx.o(.text)
    DMA1_Stream5_IRQHandler                  0x08000453   Thumb Code     0  startup_stm32f4xx.o(.text)
    DMA1_Stream6_IRQHandler                  0x08000453   Thumb Code     0  startup_stm32f4xx.o(.text)
    DMA1_Stream7_IRQHandler                  0x08000453   Thumb Code     0  startup_stm32f4xx.o(.text)
    DMA2_Stream0_IRQHandler                  0x08000453   Thumb Code     0  startup_stm32f4xx.o(.text)
    DMA2_Stream1_IRQHandler                  0x08000453   Thumb Code     0  startup_stm32f4xx.o(.text)
    DMA2_Stream2_IRQHandler                  0x08000453   Thumb Code     0  startup_stm32f4xx.o(.text)
    DMA2_Stream3_IRQHandler                  0x08000453   Thumb Code     0  startup_stm32f4xx.o(.text)
    DMA2_Stream4_IRQHandler                  0x08000453   Thumb Code     0  startup_stm32f4xx.o(.text)
    DMA2_Stream5_IRQHandler                  0x08000453   Thumb Code     0  startup_stm32f4xx.o(.text)
    DMA2_Stream6_IRQHandler                  0x08000453   Thumb Code     0  startup_stm32f4xx.o(.text)
    DMA2_Stream7_IRQHandler                  0x08000453   Thumb Code     0  startup_stm32f4xx.o(.text)
    ETH_IRQHandler                           0x08000453   Thumb Code     0  startup_stm32f4xx.o(.text)
    ETH_WKUP_IRQHandler                      0x08000453   Thumb Code     0  startup_stm32f4xx.o(.text)
    EXTI0_IRQHandler                         0x08000453   Thumb Code     0  startup_stm32f4xx.o(.text)
    EXTI15_10_IRQHandler                     0x08000453   Thumb Code     0  startup_stm32f4xx.o(.text)
    EXTI1_IRQHandler                         0x08000453   Thumb Code     0  startup_stm32f4xx.o(.text)
    EXTI2_IRQHandler                         0x08000453   Thumb Code     0  startup_stm32f4xx.o(.text)
    EXTI3_IRQHandler                         0x08000453   Thumb Code     0  startup_stm32f4xx.o(.text)
    EXTI4_IRQHandler                         0x08000453   Thumb Code     0  startup_stm32f4xx.o(.text)
    EXTI9_5_IRQHandler                       0x08000453   Thumb Code     0  startup_stm32f4xx.o(.text)
    FLASH_IRQHandler                         0x08000453   Thumb Code     0  startup_stm32f4xx.o(.text)
    FPU_IRQHandler                           0x08000453   Thumb Code     0  startup_stm32f4xx.o(.text)
    FSMC_IRQHandler                          0x08000453   Thumb Code     0  startup_stm32f4xx.o(.text)
    HASH_RNG_IRQHandler                      0x08000453   Thumb Code     0  startup_stm32f4xx.o(.text)
    I2C1_ER_IRQHandler                       0x08000453   Thumb Code     0  startup_stm32f4xx.o(.text)
    I2C1_EV_IRQHandler                       0x08000453   Thumb Code     0  startup_stm32f4xx.o(.text)
    I2C2_ER_IRQHandler                       0x08000453   Thumb Code     0  startup_stm32f4xx.o(.text)
    I2C2_EV_IRQHandler                       0x08000453   Thumb Code     0  startup_stm32f4xx.o(.text)
    I2C3_ER_IRQHandler                       0x08000453   Thumb Code     0  startup_stm32f4xx.o(.text)
    I2C3_EV_IRQHandler                       0x08000453   Thumb Code     0  startup_stm32f4xx.o(.text)
    OTG_FS_IRQHandler                        0x08000453   Thumb Code     0  startup_stm32f4xx.o(.text)
    OTG_FS_WKUP_IRQHandler                   0x08000453   Thumb Code     0  startup_stm32f4xx.o(.text)
    OTG_HS_EP1_IN_IRQHandler                 0x08000453   Thumb Code     0  startup_stm32f4xx.o(.text)
    OTG_HS_EP1_OUT_IRQHandler                0x08000453   Thumb Code     0  startup_stm32f4xx.o(.text)
    OTG_HS_IRQHandler                        0x08000453   Thumb Code     0  startup_stm32f4xx.o(.text)
    OTG_HS_WKUP_IRQHandler                   0x08000453   Thumb Code     0  startup_stm32f4xx.o(.text)
    PVD_IRQHandler                           0x08000453   Thumb Code     0  startup_stm32f4xx.o(.text)
    RCC_IRQHandler                           0x08000453   Thumb Code     0  startup_stm32f4xx.o(.text)
    RTC_Alarm_IRQHandler                     0x08000453   Thumb Code     0  startup_stm32f4xx.o(.text)
    RTC_WKUP_IRQHandler                      0x08000453   Thumb Code     0  startup_stm32f4xx.o(.text)
    SDIO_IRQHandler                          0x08000453   Thumb Code     0  startup_stm32f4xx.o(.text)
    SPI1_IRQHandler                          0x08000453   Thumb Code     0  startup_stm32f4xx.o(.text)
    SPI2_IRQHandler                          0x08000453   Thumb Code     0  startup_stm32f4xx.o(.text)
    SPI3_IRQHandler                          0x08000453   Thumb Code     0  startup_stm32f4xx.o(.text)
    TAMP_STAMP_IRQHandler                    0x08000453   Thumb Code     0  startup_stm32f4xx.o(.text)
    TIM1_BRK_TIM9_IRQHandler                 0x08000453   Thumb Code     0  startup_stm32f4xx.o(.text)
    TIM1_CC_IRQHandler                       0x08000453   Thumb Code     0  startup_stm32f4xx.o(.text)
    TIM1_TRG_COM_TIM11_IRQHandler            0x08000453   Thumb Code     0  startup_stm32f4xx.o(.text)
    TIM1_UP_TIM10_IRQHandler                 0x08000453   Thumb Code     0  startup_stm32f4xx.o(.text)
    TIM2_IRQHandler                          0x08000453   Thumb Code     0  startup_stm32f4xx.o(.text)
    TIM3_IRQHandler                          0x08000453   Thumb Code     0  startup_stm32f4xx.o(.text)
    TIM4_IRQHandler                          0x08000453   Thumb Code     0  startup_stm32f4xx.o(.text)
    TIM5_IRQHandler                          0x08000453   Thumb Code     0  startup_stm32f4xx.o(.text)
    TIM6_DAC_IRQHandler                      0x08000453   Thumb Code     0  startup_stm32f4xx.o(.text)
    TIM7_IRQHandler                          0x08000453   Thumb Code     0  startup_stm32f4xx.o(.text)
    TIM8_BRK_TIM12_IRQHandler                0x08000453   Thumb Code     0  startup_stm32f4xx.o(.text)
    TIM8_CC_IRQHandler                       0x08000453   Thumb Code     0  startup_stm32f4xx.o(.text)
    TIM8_TRG_COM_TIM14_IRQHandler            0x08000453   Thumb Code     0  startup_stm32f4xx.o(.text)
    TIM8_UP_TIM13_IRQHandler                 0x08000453   Thumb Code     0  startup_stm32f4xx.o(.text)
    UART4_IRQHandler                         0x08000453   Thumb Code     0  startup_stm32f4xx.o(.text)
    UART5_IRQHandler                         0x08000453   Thumb Code     0  startup_stm32f4xx.o(.text)
    USART1_IRQHandler                        0x08000453   Thumb Code     0  startup_stm32f4xx.o(.text)
    USART2_IRQHandler                        0x08000453   Thumb Code     0  startup_stm32f4xx.o(.text)
    USART3_IRQHandler                        0x08000453   Thumb Code     0  startup_stm32f4xx.o(.text)
    USART6_IRQHandler                        0x08000453   Thumb Code     0  startup_stm32f4xx.o(.text)
    WWDG_IRQHandler                          0x08000453   Thumb Code     0  startup_stm32f4xx.o(.text)
    __user_initial_stackheap                 0x08000455   Thumb Code     0  startup_stm32f4xx.o(.text)
    Delay                                    0x08000479   Thumb Code    16  main.o(.text)
    main                                     0x08000489   Thumb Code    58  main.o(.text)
    NMI_Handler                              0x080004cd   Thumb Code     2  stm32f4xx_it.o(.text)
    HardFault_Handler                        0x080004cf   Thumb Code     4  stm32f4xx_it.o(.text)
    MemManage_Handler                        0x080004d3   Thumb Code     4  stm32f4xx_it.o(.text)
    BusFault_Handler                         0x080004d7   Thumb Code     4  stm32f4xx_it.o(.text)
    UsageFault_Handler                       0x080004db   Thumb Code     4  stm32f4xx_it.o(.text)
    SVC_Handler                              0x080004df   Thumb Code     2  stm32f4xx_it.o(.text)
    DebugMon_Handler                         0x080004e1   Thumb Code     2  stm32f4xx_it.o(.text)
    PendSV_Handler                           0x080004e3   Thumb Code     2  stm32f4xx_it.o(.text)
    SysTick_Handler                          0x080004e5   Thumb Code     2  stm32f4xx_it.o(.text)
    GPIO_DeInit                              0x080004e9   Thumb Code   220  stm32f4xx_gpio.o(.text)
    GPIO_Init                                0x080005c5   Thumb Code   144  stm32f4xx_gpio.o(.text)
    GPIO_StructInit                          0x08000655   Thumb Code    18  stm32f4xx_gpio.o(.text)
    GPIO_PinLockConfig                       0x08000667   Thumb Code    34  stm32f4xx_gpio.o(.text)
    GPIO_ReadInputDataBit                    0x08000689   Thumb Code    18  stm32f4xx_gpio.o(.text)
    GPIO_ReadInputData                       0x0800069b   Thumb Code     8  stm32f4xx_gpio.o(.text)
    GPIO_ReadOutputDataBit                   0x080006a3   Thumb Code    18  stm32f4xx_gpio.o(.text)
    GPIO_ReadOutputData                      0x080006b5   Thumb Code     8  stm32f4xx_gpio.o(.text)
    GPIO_SetBits                             0x080006bd   Thumb Code     4  stm32f4xx_gpio.o(.text)
    GPIO_ResetBits                           0x080006c1   Thumb Code     4  stm32f4xx_gpio.o(.text)
    GPIO_WriteBit                            0x080006c5   Thumb Code    10  stm32f4xx_gpio.o(.text)
    GPIO_Write                               0x080006cf   Thumb Code     4  stm32f4xx_gpio.o(.text)
    GPIO_ToggleBits                          0x080006d3   Thumb Code     8  stm32f4xx_gpio.o(.text)
    GPIO_PinAFConfig                         0x080006db   Thumb Code    70  stm32f4xx_gpio.o(.text)
    RCC_DeInit                               0x08000745   Thumb Code    60  stm32f4xx_rcc.o(.text)
    RCC_HSEConfig                            0x08000781   Thumb Code    14  stm32f4xx_rcc.o(.text)
    RCC_GetFlagStatus                        0x0800078f   Thumb Code    60  stm32f4xx_rcc.o(.text)
    RCC_WaitForHSEStartUp                    0x080007cb   Thumb Code    56  stm32f4xx_rcc.o(.text)
    RCC_AdjustHSICalibrationValue            0x08000803   Thumb Code    20  stm32f4xx_rcc.o(.text)
    RCC_HSICmd                               0x08000817   Thumb Code     6  stm32f4xx_rcc.o(.text)
    RCC_LSEConfig                            0x0800081d   Thumb Code    46  stm32f4xx_rcc.o(.text)
    RCC_LSICmd                               0x0800084b   Thumb Code     6  stm32f4xx_rcc.o(.text)
    RCC_PLLConfig                            0x08000851   Thumb Code    32  stm32f4xx_rcc.o(.text)
    RCC_PLLCmd                               0x08000871   Thumb Code     6  stm32f4xx_rcc.o(.text)
    RCC_PLLI2SConfig                         0x08000877   Thumb Code    14  stm32f4xx_rcc.o(.text)
    RCC_PLLI2SCmd                            0x08000885   Thumb Code     6  stm32f4xx_rcc.o(.text)
    RCC_ClockSecuritySystemCmd               0x0800088b   Thumb Code     6  stm32f4xx_rcc.o(.text)
    RCC_MCO1Config                           0x08000891   Thumb Code    28  stm32f4xx_rcc.o(.text)
    RCC_MCO2Config                           0x080008ad   Thumb Code    28  stm32f4xx_rcc.o(.text)
    RCC_SYSCLKConfig                         0x080008c9   Thumb Code    20  stm32f4xx_rcc.o(.text)
    RCC_GetSYSCLKSource                      0x080008dd   Thumb Code    12  stm32f4xx_rcc.o(.text)
    RCC_HCLKConfig                           0x080008e9   Thumb Code    20  stm32f4xx_rcc.o(.text)
    RCC_PCLK1Config                          0x080008fd   Thumb Code    20  stm32f4xx_rcc.o(.text)
    RCC_PCLK2Config                          0x08000911   Thumb Code    22  stm32f4xx_rcc.o(.text)
    RCC_GetClocksFreq                        0x08000927   Thumb Code   222  stm32f4xx_rcc.o(.text)
    RCC_RTCCLKConfig                         0x08000a05   Thumb Code    54  stm32f4xx_rcc.o(.text)
    RCC_RTCCLKCmd                            0x08000a3b   Thumb Code     8  stm32f4xx_rcc.o(.text)
    RCC_BackupResetCmd                       0x08000a43   Thumb Code     8  stm32f4xx_rcc.o(.text)
    RCC_I2SCLKConfig                         0x08000a4b   Thumb Code     6  stm32f4xx_rcc.o(.text)
    RCC_AHB1PeriphClockCmd                   0x08000a51   Thumb Code    34  stm32f4xx_rcc.o(.text)
    RCC_AHB2PeriphClockCmd                   0x08000a73   Thumb Code    34  stm32f4xx_rcc.o(.text)
    RCC_AHB3PeriphClockCmd                   0x08000a95   Thumb Code    34  stm32f4xx_rcc.o(.text)
    RCC_APB1PeriphClockCmd                   0x08000ab7   Thumb Code    34  stm32f4xx_rcc.o(.text)
    RCC_APB2PeriphClockCmd                   0x08000ad9   Thumb Code    34  stm32f4xx_rcc.o(.text)
    RCC_AHB1PeriphResetCmd                   0x08000afb   Thumb Code    34  stm32f4xx_rcc.o(.text)
    RCC_AHB2PeriphResetCmd                   0x08000b1d   Thumb Code    72  stm32f4xx_rcc.o(.text)
    RCC_AHB3PeriphResetCmd                   0x08000b65   Thumb Code    34  stm32f4xx_rcc.o(.text)
    RCC_APB1PeriphResetCmd                   0x08000b87   Thumb Code    34  stm32f4xx_rcc.o(.text)
    RCC_APB2PeriphResetCmd                   0x08000ba9   Thumb Code    34  stm32f4xx_rcc.o(.text)
    RCC_AHB1PeriphClockLPModeCmd             0x08000bcb   Thumb Code    34  stm32f4xx_rcc.o(.text)
    RCC_AHB2PeriphClockLPModeCmd             0x08000bed   Thumb Code    34  stm32f4xx_rcc.o(.text)
    RCC_AHB3PeriphClockLPModeCmd             0x08000c0f   Thumb Code    34  stm32f4xx_rcc.o(.text)
    RCC_APB1PeriphClockLPModeCmd             0x08000c31   Thumb Code    34  stm32f4xx_rcc.o(.text)
    RCC_APB2PeriphClockLPModeCmd             0x08000c53   Thumb Code    34  stm32f4xx_rcc.o(.text)
    RCC_ITConfig                             0x08000c75   Thumb Code    34  stm32f4xx_rcc.o(.text)
    RCC_ClearFlag                            0x08000c97   Thumb Code    18  stm32f4xx_rcc.o(.text)
    RCC_GetITStatus                          0x08000ca9   Thumb Code    22  stm32f4xx_rcc.o(.text)
    RCC_ClearITPendingBit                    0x08000cbf   Thumb Code     8  stm32f4xx_rcc.o(.text)
    LED_GPIO_Config                          0x08000ccd   Thumb Code    50  led.o(.text)
    I2C_GPIOInit                             0x08000d05   Thumb Code    70  i2c.o(.text)
    I2Cx_Init                                0x08000d4b   Thumb Code     8  i2c.o(.text)
    Delay_us                                 0x08000d53   Thumb Code    28  i2c.o(.text)
    I2C_SDAMode                              0x08000d6f   Thumb Code    58  i2c.o(.text)
    I2C_Start                                0x08000da9   Thumb Code    78  i2c.o(.text)
    I2C_Stop                                 0x08000df7   Thumb Code    66  i2c.o(.text)
    I2C_WaiteForAck                          0x08000e39   Thumb Code   100  i2c.o(.text)
    I2C_Ack                                  0x08000e9d   Thumb Code    68  i2c.o(.text)
    I2C_NAck                                 0x08000ee1   Thumb Code    66  i2c.o(.text)
    I2C_WriteByte                            0x08000f23   Thumb Code    98  i2c.o(.text)
    I2C_WriteOneByte                         0x08000f85   Thumb Code    48  i2c.o(.text)
    I2C_ReadByte                             0x08000fb5   Thumb Code   100  i2c.o(.text)
    I2C_ReadOneByte                          0x08001019   Thumb Code    64  i2c.o(.text)
    I2C_WriteOneBit                          0x08001059   Thumb Code    58  i2c.o(.text)
    I2C_WriteBits                            0x08001093   Thumb Code    88  i2c.o(.text)
    I2C_WriteBuff                            0x080010eb   Thumb Code    80  i2c.o(.text)
    I2C_ReadBuff                             0x0800113b   Thumb Code   106  i2c.o(.text)
    Delay_ms                                 0x080011a5   Thumb Code    26  i2c.o(.text)
    invSqrt                                  0x080011c1   Thumb Code    56  imu.o(.text)
    IMU_Init                                 0x080011f9   Thumb Code    52  imu.o(.text)
    IMU_AHRSupdate                           0x0800122d   Thumb Code  1808  imu.o(.text)
    IMU_GetQuater                            0x0800193d   Thumb Code   434  imu.o(.text)
    IMU_GetYawPitchRoll                      0x08001aef   Thumb Code   544  imu.o(.text)
    BMP180_CalAvgValue                       0x08001d21   Thumb Code    56  bmp180.o(.text)
    BMP180_WriteReg                          0x08001d59   Thumb Code    18  bmp180.o(.text)
    BMP180_ReadReg                           0x08001d6b   Thumb Code    22  bmp180.o(.text)
    BMP180_StartTemperatureMeasurement       0x08001d81   Thumb Code    12  bmp180.o(.text)
    BMP180_StartPressureMeasurement          0x08001d8d   Thumb Code    22  bmp180.o(.text)
    BMP180_ReadUncompensatedTemperature      0x08001da3   Thumb Code    30  bmp180.o(.text)
    BMP180_ReadUncompensatedPressure         0x08001dc1   Thumb Code    50  bmp180.o(.text)
    BMP180_CalculateTrueTemperature          0x08001df3   Thumb Code    58  bmp180.o(.text)
    BMP180_CalculateTruePressure             0x08001e2d   Thumb Code   272  bmp180.o(.text)
    BMP180_LocalpressureAvg                  0x08001f3d   Thumb Code    82  bmp180.o(.text)
    BMP180_PressureAtSeaLevel                0x08001f8f   Thumb Code   118  bmp180.o(.text)
    BMP180_CalculateAbsoluteAltitude         0x08002005   Thumb Code   118  bmp180.o(.text)
    BMP180_ReadCalibrationData               0x0800207b   Thumb Code   426  bmp180.o(.text)
    BMP180_SetOversample                     0x08002225   Thumb Code     8  bmp180.o(.text)
    BMP180_Init                              0x0800222d   Thumb Code    16  bmp180.o(.text)
    CalTemperatureAndPressureAndAltitude     0x0800223d   Thumb Code   140  bmp180.o(.text)
    MPU9250_CalAvgValue                      0x080022e9   Thumb Code    56  mpu9250.o(.text)
    MPU9250_READ_GYRO                        0x08002321   Thumb Code   224  mpu9250.o(.text)
    MPU9250_InitGyrOffset                    0x08002401   Thumb Code    80  mpu9250.o(.text)
    MPU9250_Check                            0x08002451   Thumb Code    22  mpu9250.o(.text)
    MPU9250_Init                             0x08002467   Thumb Code    92  mpu9250.o(.text)
    MPU9250_READ_ACCEL                       0x080024c3   Thumb Code   202  mpu9250.o(.text)
    MPU9250_READ_MAG                         0x0800258d   Thumb Code   268  mpu9250.o(.text)
    __use_two_region_memory                  0x080026cd   Thumb Code     2  heapauxi.o(.text)
    __rt_heap_escrow$2region                 0x080026cf   Thumb Code     2  heapauxi.o(.text)
    __rt_heap_expand$2region                 0x080026d1   Thumb Code     2  heapauxi.o(.text)
    __read_errno                             0x080026d3   Thumb Code    10  _rserrno.o(.text)
    __set_errno                              0x080026dd   Thumb Code    12  _rserrno.o(.text)
    __aeabi_errno_addr                       0x080026e9   Thumb Code     8  rt_errno_addr_intlibspace.o(.text)
    __errno$intlibspace                      0x080026e9   Thumb Code     0  rt_errno_addr_intlibspace.o(.text)
    __rt_errno_addr$intlibspace              0x080026e9   Thumb Code     0  rt_errno_addr_intlibspace.o(.text)
    __user_libspace                          0x080026f1   Thumb Code     8  libspace.o(.text)
    __user_perproc_libspace                  0x080026f1   Thumb Code     0  libspace.o(.text)
    __user_perthread_libspace                0x080026f1   Thumb Code     0  libspace.o(.text)
    __user_setup_stackheap                   0x080026f9   Thumb Code    74  sys_stackheap_outer.o(.text)
    exit                                     0x08002743   Thumb Code    18  exit.o(.text)
    _sys_exit                                0x08002755   Thumb Code     8  sys_exit.o(.text)
    __I$use$semihosting                      0x08002761   Thumb Code     0  use_no_semi.o(.text)
    __use_no_semihosting_swi                 0x08002761   Thumb Code     2  use_no_semi.o(.text)
    __ARM_fpclassify                         0x08002763   Thumb Code    48  fpclassify.o(i.__ARM_fpclassify)
    __semihosting_library_function           0x08002763   Thumb Code     0  indicate_semi.o(.text)
    __hardfp_asin                            0x08002799   Thumb Code   770  asin.o(i.__hardfp_asin)
    __hardfp_atan                            0x08002af9   Thumb Code   622  atan.o(i.__hardfp_atan)
    __hardfp_atan2                           0x08002dd1   Thumb Code   432  atan2.o(i.__hardfp_atan2)
    __hardfp_pow                             0x08002fc1   Thumb Code  3072  pow.o(i.__hardfp_pow)
    __hardfp_sqrt                            0x08003c11   Thumb Code   122  sqrt.o(i.__hardfp_sqrt)
    __kernel_poly                            0x08003c8b   Thumb Code   248  poly.o(i.__kernel_poly)
    __mathlib_dbl_divzero                    0x08003d89   Thumb Code    28  dunder.o(i.__mathlib_dbl_divzero)
    __mathlib_dbl_infnan                     0x08003db9   Thumb Code    20  dunder.o(i.__mathlib_dbl_infnan)
    __mathlib_dbl_infnan2                    0x08003dcd   Thumb Code    20  dunder.o(i.__mathlib_dbl_infnan2)
    __mathlib_dbl_invalid                    0x08003de1   Thumb Code    24  dunder.o(i.__mathlib_dbl_invalid)
    __mathlib_dbl_overflow                   0x08003e01   Thumb Code    24  dunder.o(i.__mathlib_dbl_overflow)
    __mathlib_dbl_underflow                  0x08003e21   Thumb Code    24  dunder.o(i.__mathlib_dbl_underflow)
    atan                                     0x08003e41   Thumb Code    16  atan.o(i.atan)
    fabs                                     0x08003e51   Thumb Code    24  fabs.o(i.fabs)
    sqrt                                     0x08003e69   Thumb Code   110  sqrt.o(i.sqrt)
    __aeabi_dneg                             0x08003ed7   Thumb Code     0  basic.o(x$fpl$basic)
    _dneg                                    0x08003ed7   Thumb Code     6  basic.o(x$fpl$basic)
    __aeabi_fneg                             0x08003edd   Thumb Code     0  basic.o(x$fpl$basic)
    _fneg                                    0x08003edd   Thumb Code     6  basic.o(x$fpl$basic)
    _dabs                                    0x08003ee3   Thumb Code     6  basic.o(x$fpl$basic)
    _fabs                                    0x08003ee9   Thumb Code     6  basic.o(x$fpl$basic)
    __aeabi_d2f                              0x08003ef1   Thumb Code     0  d2f.o(x$fpl$d2f)
    _d2f                                     0x08003ef1   Thumb Code    98  d2f.o(x$fpl$d2f)
    __aeabi_dadd                             0x08003f55   Thumb Code     0  daddsub_clz.o(x$fpl$dadd)
    _dadd                                    0x08003f55   Thumb Code   332  daddsub_clz.o(x$fpl$dadd)
    __fpl_dcheck_NaN1                        0x080040a5   Thumb Code    10  dcheck1.o(x$fpl$dcheck1)
    __fpl_dcmp_Inf                           0x080040b5   Thumb Code    24  dcmpi.o(x$fpl$dcmpinf)
    __aeabi_ddiv                             0x080040cd   Thumb Code     0  ddiv.o(x$fpl$ddiv)
    _ddiv                                    0x080040cd   Thumb Code   552  ddiv.o(x$fpl$ddiv)
    __aeabi_d2iz                             0x0800437d   Thumb Code     0  dfix.o(x$fpl$dfix)
    _dfix                                    0x0800437d   Thumb Code    94  dfix.o(x$fpl$dfix)
    __aeabi_i2d                              0x080043db   Thumb Code     0  dflt_clz.o(x$fpl$dflt)
    _dflt                                    0x080043db   Thumb Code    46  dflt_clz.o(x$fpl$dflt)
    __aeabi_cdcmple                          0x08004409   Thumb Code     0  dleqf.o(x$fpl$dleqf)
    _dcmple                                  0x08004409   Thumb Code   120  dleqf.o(x$fpl$dleqf)
    __fpl_dcmple_InfNaN                      0x0800446b   Thumb Code     0  dleqf.o(x$fpl$dleqf)
    __aeabi_dmul                             0x08004481   Thumb Code     0  dmul.o(x$fpl$dmul)
    _dmul                                    0x08004481   Thumb Code   332  dmul.o(x$fpl$dmul)
    __fpl_dnaninf                            0x080045d5   Thumb Code   156  dnaninf.o(x$fpl$dnaninf)
    __fpl_dretinf                            0x08004671   Thumb Code    12  dretinf.o(x$fpl$dretinf)
    __aeabi_cdrcmple                         0x0800467d   Thumb Code     0  drleqf.o(x$fpl$drleqf)
    _drcmple                                 0x0800467d   Thumb Code   108  drleqf.o(x$fpl$drleqf)
    __aeabi_drsub                            0x080046e9   Thumb Code     0  daddsub_clz.o(x$fpl$drsb)
    _drsb                                    0x080046e9   Thumb Code    22  daddsub_clz.o(x$fpl$drsb)
    _dsqrt                                   0x08004701   Thumb Code   404  dsqrt_umaal.o(x$fpl$dsqrt)
    __aeabi_dsub                             0x08004899   Thumb Code     0  daddsub_clz.o(x$fpl$dsub)
    _dsub                                    0x08004899   Thumb Code   464  daddsub_clz.o(x$fpl$dsub)
    __aeabi_f2d                              0x08004a6d   Thumb Code     0  f2d.o(x$fpl$f2d)
    _f2d                                     0x08004a6d   Thumb Code    86  f2d.o(x$fpl$f2d)
    __fpl_fnaninf                            0x08004ac3   Thumb Code   140  fnaninf.o(x$fpl$fnaninf)
    _fp_init                                 0x08004b4f   Thumb Code    10  fpinit.o(x$fpl$fpinit)
    __fplib_config_fpu_vfp                   0x08004b57   Thumb Code     0  fpinit.o(x$fpl$fpinit)
    __fplib_config_pureend_doubles           0x08004b57   Thumb Code     0  fpinit.o(x$fpl$fpinit)
    __fpl_fretinf                            0x08004b59   Thumb Code    10  fretinf.o(x$fpl$fretinf)
    __fpl_return_NaN                         0x08004b63   Thumb Code   100  retnan.o(x$fpl$retnan)
    __ARM_scalbn                             0x08004bc7   Thumb Code    92  scalbn.o(x$fpl$scalbn)
    __fpl_cmpreturn                          0x08004c23   Thumb Code    48  trapv.o(x$fpl$trapveneer)
    __I$use$fp                               0x08004c52   Number         0  usenofp.o(x$fpl$usenofp)
    __mathlib_zero                           0x08004dc8   Data           8  qnan.o(.constdata)
    Region$$Table$$Base                      0x08004dd0   Number         0  anon$$obj.o(Region$$Table)
    Region$$Table$$Limit                     0x08004df0   Number         0  anon$$obj.o(Region$$Table)
    SystemCoreClock                          0x20000000   Data           4  system_stm32f4xx.o(.data)
    AHBPrescTable                            0x20000004   Data          16  system_stm32f4xx.o(.data)
    q0                                       0x20000024   Data           4  imu.o(.data)
    q1                                       0x20000028   Data           4  imu.o(.data)
    q2                                       0x2000002c   Data           4  imu.o(.data)
    q3                                       0x20000030   Data           4  imu.o(.data)
    AC1                                      0x20000034   Data           2  bmp180.o(.data)
    AC2                                      0x20000036   Data           2  bmp180.o(.data)
    AC3                                      0x20000038   Data           2  bmp180.o(.data)
    B1                                       0x2000003a   Data           2  bmp180.o(.data)
    B2                                       0x2000003c   Data           2  bmp180.o(.data)
    MB                                       0x2000003e   Data           2  bmp180.o(.data)
    MC                                       0x20000040   Data           2  bmp180.o(.data)
    MD                                       0x20000042   Data           2  bmp180.o(.data)
    _oss                                     0x20000044   Data           2  bmp180.o(.data)
    AC4                                      0x20000046   Data           2  bmp180.o(.data)
    AC5                                      0x20000048   Data           2  bmp180.o(.data)
    AC6                                      0x2000004a   Data           2  bmp180.o(.data)
    B5                                       0x2000004c   Data           4  bmp180.o(.data)
    UT                                       0x20000050   Data           4  bmp180.o(.data)
    UP                                       0x20000054   Data           4  bmp180.o(.data)
    Pressure0                                0x20000058   Data           4  bmp180.o(.data)
    PressureVal                              0x2000005c   Data           4  bmp180.o(.data)
    TemperatureVal                           0x20000060   Data           4  bmp180.o(.data)
    AltitudeVal                              0x20000064   Data           4  bmp180.o(.data)
    magn                                     0x2000006a   Data           6  mpu9250.o(.data)
    accel                                    0x20000070   Data           6  mpu9250.o(.data)
    gyro                                     0x20000076   Data           6  mpu9250.o(.data)
    MPU9250_Offset                           0x2000007c   Data           6  mpu9250.o(.data)
    MPU9250_Magn_Offset                      0x20000082   Data           6  mpu9250.o(.data)
    angles                                   0x20000088   Data          12  main.o(.bss)
    BUF                                      0x20000100   Data          10  mpu9250.o(.bss)
    __libspace_start                         0x200001d8   Data          96  libspace.o(.bss)
    __temporary_stack_top$libspace           0x20000238   Data           0  libspace.o(.bss)



==============================================================================

Memory Map of the image

  Image Entry point : 0x08000189

  Load Region LR_IROM1 (Base: 0x08000000, Size: 0x00004e78, Max: 0x00080000, ABSOLUTE)

    Execution Region ER_IROM1 (Base: 0x08000000, Size: 0x00004df0, Max: 0x00080000, ABSOLUTE)

    Base Addr    Size         Type   Attr      Idx    E Section Name        Object

    0x08000000   0x00000188   Data   RO          128    RESET               startup_stm32f4xx.o
    0x08000188   0x00000008   Code   RO          819  * !!!main             c_w.l(__main.o)
    0x08000190   0x00000034   Code   RO         1127    !!!scatter          c_w.l(__scatter.o)
    0x080001c4   0x0000001a   Code   RO         1129    !!handler_copy      c_w.l(__scatter_copy.o)
    0x080001de   0x00000002   PAD
    0x080001e0   0x0000001c   Code   RO         1131    !!handler_zi        c_w.l(__scatter_zi.o)
    0x080001fc   0x00000002   Code   RO          996    .ARM.Collect$$libinit$$00000000  c_w.l(libinit.o)
    0x080001fe   0x00000004   Code   RO         1001    .ARM.Collect$$libinit$$00000001  c_w.l(libinit2.o)
    0x08000202   0x00000000   Code   RO         1004    .ARM.Collect$$libinit$$00000004  c_w.l(libinit2.o)
    0x08000202   0x00000000   Code   RO         1007    .ARM.Collect$$libinit$$0000000A  c_w.l(libinit2.o)
    0x08000202   0x00000000   Code   RO         1009    .ARM.Collect$$libinit$$0000000C  c_w.l(libinit2.o)
    0x08000202   0x00000000   Code   RO         1011    .ARM.Collect$$libinit$$0000000E  c_w.l(libinit2.o)
    0x08000202   0x00000000   Code   RO         1014    .ARM.Collect$$libinit$$00000011  c_w.l(libinit2.o)
    0x08000202   0x00000000   Code   RO         1016    .ARM.Collect$$libinit$$00000013  c_w.l(libinit2.o)
    0x08000202   0x00000000   Code   RO         1018    .ARM.Collect$$libinit$$00000015  c_w.l(libinit2.o)
    0x08000202   0x00000000   Code   RO         1020    .ARM.Collect$$libinit$$00000017  c_w.l(libinit2.o)
    0x08000202   0x00000000   Code   RO         1022    .ARM.Collect$$libinit$$00000019  c_w.l(libinit2.o)
    0x08000202   0x00000000   Code   RO         1024    .ARM.Collect$$libinit$$0000001B  c_w.l(libinit2.o)
    0x08000202   0x00000000   Code   RO         1026    .ARM.Collect$$libinit$$0000001D  c_w.l(libinit2.o)
    0x08000202   0x00000000   Code   RO         1028    .ARM.Collect$$libinit$$0000001F  c_w.l(libinit2.o)
    0x08000202   0x00000000   Code   RO         1030    .ARM.Collect$$libinit$$00000021  c_w.l(libinit2.o)
    0x08000202   0x00000000   Code   RO         1032    .ARM.Collect$$libinit$$00000023  c_w.l(libinit2.o)
    0x08000202   0x00000000   Code   RO         1034    .ARM.Collect$$libinit$$00000025  c_w.l(libinit2.o)
    0x08000202   0x00000000   Code   RO         1038    .ARM.Collect$$libinit$$0000002C  c_w.l(libinit2.o)
    0x08000202   0x00000000   Code   RO         1040    .ARM.Collect$$libinit$$0000002E  c_w.l(libinit2.o)
    0x08000202   0x00000000   Code   RO         1042    .ARM.Collect$$libinit$$00000030  c_w.l(libinit2.o)
    0x08000202   0x00000000   Code   RO         1044    .ARM.Collect$$libinit$$00000032  c_w.l(libinit2.o)
    0x08000202   0x00000002   Code   RO         1045    .ARM.Collect$$libinit$$00000033  c_w.l(libinit2.o)
    0x08000204   0x00000002   Code   RO         1067    .ARM.Collect$$libshutdown$$00000000  c_w.l(libshutdown.o)
    0x08000206   0x00000000   Code   RO         1080    .ARM.Collect$$libshutdown$$00000002  c_w.l(libshutdown2.o)
    0x08000206   0x00000000   Code   RO         1082    .ARM.Collect$$libshutdown$$00000004  c_w.l(libshutdown2.o)
    0x08000206   0x00000000   Code   RO         1085    .ARM.Collect$$libshutdown$$00000007  c_w.l(libshutdown2.o)
    0x08000206   0x00000000   Code   RO         1088    .ARM.Collect$$libshutdown$$0000000A  c_w.l(libshutdown2.o)
    0x08000206   0x00000000   Code   RO         1090    .ARM.Collect$$libshutdown$$0000000C  c_w.l(libshutdown2.o)
    0x08000206   0x00000000   Code   RO         1093    .ARM.Collect$$libshutdown$$0000000F  c_w.l(libshutdown2.o)
    0x08000206   0x00000002   Code   RO         1094    .ARM.Collect$$libshutdown$$00000010  c_w.l(libshutdown2.o)
    0x08000208   0x00000000   Code   RO          899    .ARM.Collect$$rtentry$$00000000  c_w.l(__rtentry.o)
    0x08000208   0x00000000   Code   RO          961    .ARM.Collect$$rtentry$$00000002  c_w.l(__rtentry2.o)
    0x08000208   0x00000006   Code   RO          973    .ARM.Collect$$rtentry$$00000004  c_w.l(__rtentry4.o)
    0x0800020e   0x00000000   Code   RO          963    .ARM.Collect$$rtentry$$00000009  c_w.l(__rtentry2.o)
    0x0800020e   0x00000004   Code   RO          964    .ARM.Collect$$rtentry$$0000000A  c_w.l(__rtentry2.o)
    0x08000212   0x00000000   Code   RO          966    .ARM.Collect$$rtentry$$0000000C  c_w.l(__rtentry2.o)
    0x08000212   0x00000008   Code   RO          967    .ARM.Collect$$rtentry$$0000000D  c_w.l(__rtentry2.o)
    0x0800021a   0x00000002   Code   RO          999    .ARM.Collect$$rtexit$$00000000  c_w.l(rtexit.o)
    0x0800021c   0x00000000   Code   RO         1049    .ARM.Collect$$rtexit$$00000002  c_w.l(rtexit2.o)
    0x0800021c   0x00000004   Code   RO         1050    .ARM.Collect$$rtexit$$00000003  c_w.l(rtexit2.o)
    0x08000220   0x00000006   Code   RO         1051    .ARM.Collect$$rtexit$$00000004  c_w.l(rtexit2.o)
    0x08000226   0x00000002   PAD
    0x08000228   0x00000210   Code   RO            2    .text               system_stm32f4xx.o
    0x08000438   0x00000040   Code   RO          129    .text               startup_stm32f4xx.o
    0x08000478   0x00000054   Code   RO          134    .text               main.o
    0x080004cc   0x0000001a   Code   RO          194    .text               stm32f4xx_it.o
    0x080004e6   0x00000002   PAD
    0x080004e8   0x0000025c   Code   RO          453    .text               stm32f4xx_gpio.o
    0x08000744   0x00000588   Code   RO          565    .text               stm32f4xx_rcc.o
    0x08000ccc   0x00000038   Code   RO          711    .text               led.o
    0x08000d04   0x000004ba   Code   RO          727    .text               i2c.o
    0x080011be   0x00000002   PAD
    0x080011c0   0x00000b60   Code   RO          743    .text               imu.o
    0x08001d20   0x000005c8   Code   RO          766    .text               bmp180.o
    0x080022e8   0x000003e4   Code   RO          789    .text               mpu9250.o
    0x080026cc   0x00000006   Code   RO          817    .text               c_w.l(heapauxi.o)
    0x080026d2   0x00000016   Code   RO          900    .text               c_w.l(_rserrno.o)
    0x080026e8   0x00000008   Code   RO          978    .text               c_w.l(rt_errno_addr_intlibspace.o)
    0x080026f0   0x00000008   Code   RO          984    .text               c_w.l(libspace.o)
    0x080026f8   0x0000004a   Code   RO          987    .text               c_w.l(sys_stackheap_outer.o)
    0x08002742   0x00000012   Code   RO          989    .text               c_w.l(exit.o)
    0x08002754   0x0000000c   Code   RO         1059    .text               c_w.l(sys_exit.o)
    0x08002760   0x00000002   Code   RO         1070    .text               c_w.l(use_no_semi.o)
    0x08002762   0x00000000   Code   RO         1072    .text               c_w.l(indicate_semi.o)
    0x08002762   0x00000030   Code   RO          955    i.__ARM_fpclassify  m_wm.l(fpclassify.o)
    0x08002792   0x00000006   PAD
    0x08002798   0x00000360   Code   RO          847    i.__hardfp_asin     m_wm.l(asin.o)
    0x08002af8   0x000002d8   Code   RO          921    i.__hardfp_atan     m_wm.l(atan.o)
    0x08002dd0   0x000001f0   Code   RO          861    i.__hardfp_atan2    m_wm.l(atan2.o)
    0x08002fc0   0x00000c50   Code   RO          873    i.__hardfp_pow      m_wm.l(pow.o)
    0x08003c10   0x0000007a   Code   RO          887    i.__hardfp_sqrt     m_wm.l(sqrt.o)
    0x08003c8a   0x000000f8   Code   RO          957    i.__kernel_poly     m_wm.l(poly.o)
    0x08003d82   0x00000006   PAD
    0x08003d88   0x00000030   Code   RO          935    i.__mathlib_dbl_divzero  m_wm.l(dunder.o)
    0x08003db8   0x00000014   Code   RO          936    i.__mathlib_dbl_infnan  m_wm.l(dunder.o)
    0x08003dcc   0x00000014   Code   RO          937    i.__mathlib_dbl_infnan2  m_wm.l(dunder.o)
    0x08003de0   0x00000020   Code   RO          938    i.__mathlib_dbl_invalid  m_wm.l(dunder.o)
    0x08003e00   0x00000020   Code   RO          939    i.__mathlib_dbl_overflow  m_wm.l(dunder.o)
    0x08003e20   0x00000020   Code   RO          941    i.__mathlib_dbl_underflow  m_wm.l(dunder.o)
    0x08003e40   0x00000010   Code   RO          923    i.atan              m_wm.l(atan.o)
    0x08003e50   0x00000018   Code   RO          951    i.fabs              m_wm.l(fabs.o)
    0x08003e68   0x0000006e   Code   RO          889    i.sqrt              m_wm.l(sqrt.o)
    0x08003ed6   0x00000018   Code   RO          902    x$fpl$basic         fz_wm.l(basic.o)
    0x08003eee   0x00000002   PAD
    0x08003ef0   0x00000062   Code   RO          821    x$fpl$d2f           fz_wm.l(d2f.o)
    0x08003f52   0x00000002   PAD
    0x08003f54   0x00000150   Code   RO          823    x$fpl$dadd          fz_wm.l(daddsub_clz.o)
    0x080040a4   0x00000010   Code   RO          980    x$fpl$dcheck1       fz_wm.l(dcheck1.o)
    0x080040b4   0x00000018   Code   RO          982    x$fpl$dcmpinf       fz_wm.l(dcmpi.o)
    0x080040cc   0x000002b0   Code   RO          830    x$fpl$ddiv          fz_wm.l(ddiv.o)
    0x0800437c   0x0000005e   Code   RO          833    x$fpl$dfix          fz_wm.l(dfix.o)
    0x080043da   0x0000002e   Code   RO          838    x$fpl$dflt          fz_wm.l(dflt_clz.o)
    0x08004408   0x00000078   Code   RO          904    x$fpl$dleqf         fz_wm.l(dleqf.o)
    0x08004480   0x00000154   Code   RO          843    x$fpl$dmul          fz_wm.l(dmul.o)
    0x080045d4   0x0000009c   Code   RO          906    x$fpl$dnaninf       fz_wm.l(dnaninf.o)
    0x08004670   0x0000000c   Code   RO          908    x$fpl$dretinf       fz_wm.l(dretinf.o)
    0x0800467c   0x0000006c   Code   RO          910    x$fpl$drleqf        fz_wm.l(drleqf.o)
    0x080046e8   0x00000016   Code   RO          824    x$fpl$drsb          fz_wm.l(daddsub_clz.o)
    0x080046fe   0x00000002   PAD
    0x08004700   0x00000198   Code   RO          912    x$fpl$dsqrt         fz_wm.l(dsqrt_umaal.o)
    0x08004898   0x000001d4   Code   RO          825    x$fpl$dsub          fz_wm.l(daddsub_clz.o)
    0x08004a6c   0x00000056   Code   RO          845    x$fpl$f2d           fz_wm.l(f2d.o)
    0x08004ac2   0x0000008c   Code   RO          914    x$fpl$fnaninf       fz_wm.l(fnaninf.o)
    0x08004b4e   0x0000000a   Code   RO         1057    x$fpl$fpinit        fz_wm.l(fpinit.o)
    0x08004b58   0x0000000a   Code   RO          916    x$fpl$fretinf       fz_wm.l(fretinf.o)
    0x08004b62   0x00000064   Code   RO          997    x$fpl$retnan        fz_wm.l(retnan.o)
    0x08004bc6   0x0000005c   Code   RO          918    x$fpl$scalbn        fz_wm.l(scalbn.o)
    0x08004c22   0x00000030   Code   RO         1046    x$fpl$trapveneer    fz_wm.l(trapv.o)
    0x08004c52   0x00000000   Code   RO          920    x$fpl$usenofp       fz_wm.l(usenofp.o)
    0x08004c52   0x00000006   PAD
    0x08004c58   0x00000050   Data   RO          850    .constdata          m_wm.l(asin.o)
    0x08004ca8   0x00000088   Data   RO          876    .constdata          m_wm.l(pow.o)
    0x08004d30   0x00000098   Data   RO          924    .constdata          m_wm.l(atan.o)
    0x08004dc8   0x00000008   Data   RO          959    .constdata          m_wm.l(qnan.o)
    0x08004dd0   0x00000020   Data   RO         1125    Region$$Table       anon$$obj.o


    Execution Region RW_IRAM1 (Base: 0x20000000, Size: 0x00000838, Max: 0x00020000, ABSOLUTE)

    Base Addr    Size         Type   Attr      Idx    E Section Name        Object

    0x20000000   0x00000014   Data   RW            3    .data               system_stm32f4xx.o
    0x20000014   0x00000010   Data   RW          566    .data               stm32f4xx_rcc.o
    0x20000024   0x00000010   Data   RW          744    .data               imu.o
    0x20000034   0x00000035   Data   RW          768    .data               bmp180.o
    0x20000069   0x00000001   PAD
    0x2000006a   0x0000001e   Data   RW          791    .data               mpu9250.o
    0x20000088   0x0000000c   Zero   RW          135    .bss                main.o
    0x20000094   0x0000006c   Zero   RW          767    .bss                bmp180.o
    0x20000100   0x000000d6   Zero   RW          790    .bss                mpu9250.o
    0x200001d6   0x00000002   PAD
    0x200001d8   0x00000060   Zero   RW          985    .bss                c_w.l(libspace.o)
    0x20000238   0x00000200   Zero   RW          127    HEAP                startup_stm32f4xx.o
    0x20000438   0x00000400   Zero   RW          126    STACK               startup_stm32f4xx.o


==============================================================================

Image component sizes


      Code (inc. data)   RO Data    RW Data    ZI Data      Debug   Object Name

      1480        150          0         53        108       6473   bmp180.o
      1210          4          0          0          0       5304   i2c.o
      2912        108          0         16          0       3042   imu.o
        56          6          0          0          0        518   led.o
        84         10          0          0         12       1314   main.o
       996         52          0         30        214       4282   mpu9250.o
        64         26        392          0       1536        920   startup_stm32f4xx.o
       604         36          0          0          0       4261   stm32f4xx_gpio.o
        26          0          0          0          0       1230   stm32f4xx_it.o
      1416         48          0         16          0      11203   stm32f4xx_rcc.o
       528         46          0         20          0     233351   system_stm32f4xx.o

    ----------------------------------------------------------------------
      9380        486        424        136       1872     271898   Object Totals
         0          0         32          0          0          0   (incl. Generated)
         4          0          0          1          2          0   (incl. Padding)

    ----------------------------------------------------------------------

      Code (inc. data)   RO Data    RW Data    ZI Data      Debug   Library Member Name

         8          0          0          0          0         68   __main.o
         0          0          0          0          0          0   __rtentry.o
        12          0          0          0          0          0   __rtentry2.o
         6          0          0          0          0          0   __rtentry4.o
        52          8          0          0          0          0   __scatter.o
        26          0          0          0          0          0   __scatter_copy.o
        28          0          0          0          0          0   __scatter_zi.o
        22          0          0          0          0        100   _rserrno.o
        18          0          0          0          0         80   exit.o
         6          0          0          0          0        152   heapauxi.o
         0          0          0          0          0          0   indicate_semi.o
         2          0          0          0          0          0   libinit.o
         6          0          0          0          0          0   libinit2.o
         2          0          0          0          0          0   libshutdown.o
         2          0          0          0          0          0   libshutdown2.o
         8          4          0          0         96         68   libspace.o
         8          4          0          0          0         68   rt_errno_addr_intlibspace.o
         2          0          0          0          0          0   rtexit.o
        10          0          0          0          0          0   rtexit2.o
        12          4          0          0          0         68   sys_exit.o
        74          0          0          0          0         80   sys_stackheap_outer.o
         2          0          0          0          0         68   use_no_semi.o
        24          0          0          0          0        164   basic.o
        98          4          0          0          0        140   d2f.o
       826         16          0          0          0        492   daddsub_clz.o
        16          4          0          0          0        116   dcheck1.o
        24          0          0          0          0        116   dcmpi.o
       688        140          0          0          0        256   ddiv.o
        94          4          0          0          0        140   dfix.o
        46          0          0          0          0        116   dflt_clz.o
       120          4          0          0          0        140   dleqf.o
       340         12          0          0          0        152   dmul.o
       156          4          0          0          0        140   dnaninf.o
        12          0          0          0          0        116   dretinf.o
       108          0          0          0          0        128   drleqf.o
       408         56          0          0          0        168   dsqrt_umaal.o
        86          4          0          0          0        132   f2d.o
       140          4          0          0          0        132   fnaninf.o
        10          0          0          0          0        116   fpinit.o
        10          0          0          0          0        116   fretinf.o
       100          0          0          0          0        116   retnan.o
        92          0          0          0          0        116   scalbn.o
        48          0          0          0          0        116   trapv.o
         0          0          0          0          0          0   usenofp.o
       864         94         80          0          0        280   asin.o
       744        106        152          0          0        352   atan.o
       496         64          0          0          0        192   atan2.o
       184         44          0          0          0        744   dunder.o
        24          0          0          0          0        124   fabs.o
        48          0          0          0          0        124   fpclassify.o
       248          0          0          0          0        152   poly.o
      3152        296        136          0          0        352   pow.o
         0          0          8          0          0          0   qnan.o
       232          0          0          0          0        296   sqrt.o

    ----------------------------------------------------------------------
      9772        876        376          0         96       6596   Library Totals
        28          0          0          0          0          0   (incl. Padding)

    ----------------------------------------------------------------------

      Code (inc. data)   RO Data    RW Data    ZI Data      Debug   Library Name

       306         20          0          0         96        752   c_w.l
      3446        252          0          0          0       3228   fz_wm.l
      5992        604        376          0          0       2616   m_wm.l

    ----------------------------------------------------------------------
      9772        876        376          0         96       6596   Library Totals

    ----------------------------------------------------------------------

==============================================================================


      Code (inc. data)   RO Data    RW Data    ZI Data      Debug   

     19152       1362        800        136       1968     272934   Grand Totals
     19152       1362        800        136       1968     272934   ELF Image Totals
     19152       1362        800        136          0          0   ROM Totals

==============================================================================

    Total RO  Size (Code + RO Data)                19952 (  19.48kB)
    Total RW  Size (RW Data + ZI Data)              2104 (   2.05kB)
    Total ROM Size (Code + RO Data + RW Data)      20088 (  19.62kB)

==============================================================================

